
PROGRAM "C:\Products\osbdm\osbdm_pemicro\osbdm-sw\osbdm-JM60\bin\dsc\osbdm-jm60_dsc.abs"

*********************************************************************************************
TARGET SECTION
---------------------------------------------------------------------------------------------
Processor   : Freescale HC08
Memory Model: SMALL
File Format : ELF\DWARF 2.0
Linker      : SmartLinker V-5.0.37 Build 9279, Oct  7 2009

*********************************************************************************************
FILE SECTION
---------------------------------------------------------------------------------------------
RTSHC08.C.o (ansiis.lib)                Model: SMALL,         Lang: ANSI-C
STRING.C.o (ansiis.lib)                 Model: SMALL,         Lang: ANSI-C
Start08.c.o                             Model: SMALL,         Lang: ANSI-C
serial_io.c.o                           Model: SMALL,         Lang: ANSI-C
cmd_processing.c.o                      Model: SMALL,         Lang: ANSI-C
MCU.c.o                                 Model: SMALL,         Lang: ANSI-C
USB_User_API.c.o                        Model: SMALL,         Lang: ANSI-C
timer.c.o                               Model: SMALL,         Lang: ANSI-C
jtag_dsc.c.o                            Model: SMALL,         Lang: ANSI-C
main.c.o                                Model: SMALL,         Lang: ANSI-C
mc9s08jm60.c.o                          Model: SMALL,         Lang: ANSI-C
util.c.o                                Model: SMALL,         Lang: ANSI-C
dummy_bdm_driver.c.o                    Model: SMALL,         Lang: ANSI-C
Usb_Descriptor.c.o                      Model: SMALL,         Lang: ANSI-C
Usb_Drv.c.o                             Model: SMALL,         Lang: ANSI-C
D:\Profiles\Freescale\JM60 samples\boot loader\boot loader win-usb_02\JM60_Bootloader-winusblib\JM60_Bootloader-winusb_02_Data\Library\ObjectCode\Bootloader.c.o (bootloaderv0_3.lib)Model: SMALL,         Lang: ANSI-C
D:\Profiles\Freescale\JM60 samples\boot loader\boot loader win-usb_02\JM60_Bootloader-winusblib\JM60_Bootloader-winusb_02_Data\Library\ObjectCode\ICP_Flash.c.o (bootloaderv0_3.lib)Model: SMALL,         Lang: ANSI-C
D:\Profiles\Freescale\JM60 samples\boot loader\boot loader win-usb_02\JM60_Bootloader-winusblib\JM60_Bootloader-winusb_02_Data\Library\ObjectCode\ICP_Desc.c.o (bootloaderv0_3.lib)Model: SMALL,         Lang: ANSI-C
Usb_Ep0_Handler.c.o                     Model: SMALL,         Lang: ANSI-C
jtag_jm60.c.o                           Model: SMALL,         Lang: ANSI-C
board_id.c.o                            Model: SMALL,         Lang: ANSI-C

*********************************************************************************************
STARTUP SECTION
---------------------------------------------------------------------------------------------
Entry point: 0x19E2 (_Startup)
_startupData is allocated at 0x19EC and uses 6 Bytes
extern struct _tagStartup {
  unsigned nofZeroOut     1
  _Range   pZeroOut       0x100     1689
  _Copy    *toCopyDownBeg 0xA81E
} _startupData;

*********************************************************************************************
SECTION-ALLOCATION SECTION
Section Name                    Size  Type     From       To       Segment
---------------------------------------------------------------------------------------------
.data                            541   R/W      0x100      0x31C   RAM
.init                            140     R     0x1960     0x19EB   ROM
.startData                        18     R     0x19EC     0x19FD   ROM
.rodata                         5442     R     0x19FE     0x2F3F   ROM
.rodata1                         209     R     0x2F40     0x3010   ROM
.text                          30733     R     0x3011     0xA81D   ROM
.copy                            540     R     0xA81E     0xAA39   ROM
Bootloader_ROM                   942     R     0xFC00     0xFFAD   Bootloader
.abs_section_18a0                 64   N/I     0x18A0     0x18DF   .absSeg0
.abs_section_18e0                 64   N/I     0x18E0     0x191F   .absSeg1
.abs_section_1920                 32   N/I     0x1920     0x193F   .absSeg2
.abs_section_1940                 32   N/I     0x1940     0x195F   .absSeg3
.abs_section_ffbf                  1     R     0xFFBF     0xFFBF   .absSeg4
.abs_section_ffbd                  1     R     0xFFBD     0xFFBD   .absSeg5
.abs_section_fabc                  4     R     0xFABC     0xFABF   .absSeg6
.abs_section_fbc4                 58     R     0xFBC4     0xFBFD   .absSeg7
.abs_section_0                     1   N/I        0x0        0x0   .absSeg8
.abs_section_1                     1   N/I        0x1        0x1   .absSeg9
.abs_section_2                     1   N/I        0x2        0x2   .absSeg10
.abs_section_3                     1   N/I        0x3        0x3   .absSeg11
.abs_section_4                     1   N/I        0x4        0x4   .absSeg12
.abs_section_5                     1   N/I        0x5        0x5   .absSeg13
.abs_section_6                     1   N/I        0x6        0x6   .absSeg14
.abs_section_7                     1   N/I        0x7        0x7   .absSeg15
.abs_section_8                     1   N/I        0x8        0x8   .absSeg16
.abs_section_9                     1   N/I        0x9        0x9   .absSeg17
.abs_section_a                     1   N/I        0xA        0xA   .absSeg18
.abs_section_b                     1   N/I        0xB        0xB   .absSeg19
.abs_section_c                     1   N/I        0xC        0xC   .absSeg20
.abs_section_d                     1   N/I        0xD        0xD   .absSeg21
.abs_section_e                     1   N/I        0xE        0xE   .absSeg22
.abs_section_10                    1   N/I       0x10       0x10   .absSeg23
.abs_section_11                    1   N/I       0x11       0x11   .absSeg24
.abs_section_16                    1   N/I       0x16       0x16   .absSeg25
.abs_section_17                    1   N/I       0x17       0x17   .absSeg26
.abs_section_18                    1   N/I       0x18       0x18   .absSeg27
.abs_section_1b                    1   N/I       0x1B       0x1B   .absSeg28
.abs_section_1c                    1   N/I       0x1C       0x1C   .absSeg29
.abs_section_1d                    1   N/I       0x1D       0x1D   .absSeg30
.abs_section_1e                    1   N/I       0x1E       0x1E   .absSeg31
.abs_section_20                    1   N/I       0x20       0x20   .absSeg32
.abs_section_25                    1   N/I       0x25       0x25   .absSeg33
.abs_section_28                    1   N/I       0x28       0x28   .absSeg34
.abs_section_2b                    1   N/I       0x2B       0x2B   .absSeg35
.abs_section_2e                    1   N/I       0x2E       0x2E   .absSeg36
.abs_section_31                    1   N/I       0x31       0x31   .absSeg37
.abs_section_34                    1   N/I       0x34       0x34   .absSeg38
.abs_section_3a                    1   N/I       0x3A       0x3A   .absSeg39
.abs_section_3b                    1   N/I       0x3B       0x3B   .absSeg40
.abs_section_3c                    1   N/I       0x3C       0x3C   .absSeg41
.abs_section_3d                    1   N/I       0x3D       0x3D   .absSeg42
.abs_section_3e                    1   N/I       0x3E       0x3E   .absSeg43
.abs_section_3f                    1   N/I       0x3F       0x3F   .absSeg44
.abs_section_42                    1   N/I       0x42       0x42   .absSeg45
.abs_section_43                    1   N/I       0x43       0x43   .absSeg46
.abs_section_44                    1   N/I       0x44       0x44   .absSeg47
.abs_section_45                    1   N/I       0x45       0x45   .absSeg48
.abs_section_46                    1   N/I       0x46       0x46   .absSeg49
.abs_section_47                    1   N/I       0x47       0x47   .absSeg50
.abs_section_48                    1   N/I       0x48       0x48   .absSeg51
.abs_section_49                    1   N/I       0x49       0x49   .absSeg52
.abs_section_4a                    1   N/I       0x4A       0x4A   .absSeg53
.abs_section_4b                    1   N/I       0x4B       0x4B   .absSeg54
.abs_section_4c                    1   N/I       0x4C       0x4C   .absSeg55
.abs_section_50                    1   N/I       0x50       0x50   .absSeg56
.abs_section_51                    1   N/I       0x51       0x51   .absSeg57
.abs_section_52                    1   N/I       0x52       0x52   .absSeg58
.abs_section_53                    1   N/I       0x53       0x53   .absSeg59
.abs_section_58                    1   N/I       0x58       0x58   .absSeg60
.abs_section_59                    1   N/I       0x59       0x59   .absSeg61
.abs_section_5a                    1   N/I       0x5A       0x5A   .absSeg62
.abs_section_5b                    1   N/I       0x5B       0x5B   .absSeg63
.abs_section_5c                    1   N/I       0x5C       0x5C   .absSeg64
.abs_section_5d                    1   N/I       0x5D       0x5D   .absSeg65
.abs_section_60                    1   N/I       0x60       0x60   .absSeg66
.abs_section_65                    1   N/I       0x65       0x65   .absSeg67
.abs_section_68                    1   N/I       0x68       0x68   .absSeg68
.abs_section_6c                    1   N/I       0x6C       0x6C   .absSeg69
.abs_section_6d                    1   N/I       0x6D       0x6D   .absSeg70
.abs_section_6e                    1   N/I       0x6E       0x6E   .absSeg71
.abs_section_70                    1   N/I       0x70       0x70   .absSeg72
.abs_section_71                    1   N/I       0x71       0x71   .absSeg73
.abs_section_72                    1   N/I       0x72       0x72   .absSeg74
.abs_section_73                    1   N/I       0x73       0x73   .absSeg75
.abs_section_80                    1   N/I       0x80       0x80   .absSeg76
.abs_section_88                    1   N/I       0x88       0x88   .absSeg77
.abs_section_89                    1   N/I       0x89       0x89   .absSeg78
.abs_section_8a                    1   N/I       0x8A       0x8A   .absSeg79
.abs_section_90                    1   N/I       0x90       0x90   .absSeg80
.abs_section_91                    1   N/I       0x91       0x91   .absSeg81
.abs_section_92                    1   N/I       0x92       0x92   .absSeg82
.abs_section_93                    1   N/I       0x93       0x93   .absSeg83
.abs_section_94                    1   N/I       0x94       0x94   .absSeg84
.abs_section_95                    1   N/I       0x95       0x95   .absSeg85
.abs_section_96                    1   N/I       0x96       0x96   .absSeg86
.abs_section_97                    1   N/I       0x97       0x97   .absSeg87
.abs_section_98                    1   N/I       0x98       0x98   .absSeg88
.abs_section_9d                    1   N/I       0x9D       0x9D   .absSeg89
.abs_section_9e                    1   N/I       0x9E       0x9E   .absSeg90
.abs_section_9f                    1   N/I       0x9F       0x9F   .absSeg91
.abs_section_a0                    1   N/I       0xA0       0xA0   .absSeg92
.abs_section_a1                    1   N/I       0xA1       0xA1   .absSeg93
.abs_section_a2                    1   N/I       0xA2       0xA2   .absSeg94
.abs_section_a3                    1   N/I       0xA3       0xA3   .absSeg95
.abs_section_1800                  1   N/I     0x1800     0x1800   .absSeg96
.abs_section_1801                  1   N/I     0x1801     0x1801   .absSeg97
.abs_section_1802                  1   N/I     0x1802     0x1802   .absSeg98
.abs_section_1803                  1   N/I     0x1803     0x1803   .absSeg99
.abs_section_1809                  1   N/I     0x1809     0x1809   .absSeg100
.abs_section_180a                  1   N/I     0x180A     0x180A   .absSeg101
.abs_section_1816                  1   N/I     0x1816     0x1816   .absSeg102
.abs_section_1817                  1   N/I     0x1817     0x1817   .absSeg103
.abs_section_1818                  1   N/I     0x1818     0x1818   .absSeg104
.abs_section_1820                  1   N/I     0x1820     0x1820   .absSeg105
.abs_section_1821                  1   N/I     0x1821     0x1821   .absSeg106
.abs_section_1823                  1   N/I     0x1823     0x1823   .absSeg107
.abs_section_1824                  1   N/I     0x1824     0x1824   .absSeg108
.abs_section_1825                  1   N/I     0x1825     0x1825   .absSeg109
.abs_section_1826                  1   N/I     0x1826     0x1826   .absSeg110
.abs_section_1840                  1   N/I     0x1840     0x1840   .absSeg111
.abs_section_1841                  1   N/I     0x1841     0x1841   .absSeg112
.abs_section_1842                  1   N/I     0x1842     0x1842   .absSeg113
.abs_section_1844                  1   N/I     0x1844     0x1844   .absSeg114
.abs_section_1845                  1   N/I     0x1845     0x1845   .absSeg115
.abs_section_1846                  1   N/I     0x1846     0x1846   .absSeg116
.abs_section_1848                  1   N/I     0x1848     0x1848   .absSeg117
.abs_section_1849                  1   N/I     0x1849     0x1849   .absSeg118
.abs_section_184a                  1   N/I     0x184A     0x184A   .absSeg119
.abs_section_184c                  1   N/I     0x184C     0x184C   .absSeg120
.abs_section_184d                  1   N/I     0x184D     0x184D   .absSeg121
.abs_section_184e                  1   N/I     0x184E     0x184E   .absSeg122
.abs_section_1850                  1   N/I     0x1850     0x1850   .absSeg123
.abs_section_1851                  1   N/I     0x1851     0x1851   .absSeg124
.abs_section_1852                  1   N/I     0x1852     0x1852   .absSeg125
.abs_section_1854                  1   N/I     0x1854     0x1854   .absSeg126
.abs_section_1855                  1   N/I     0x1855     0x1855   .absSeg127
.abs_section_1856                  1   N/I     0x1856     0x1856   .absSeg128
.abs_section_1858                  1   N/I     0x1858     0x1858   .absSeg129
.abs_section_1859                  1   N/I     0x1859     0x1859   .absSeg130
.abs_section_185a                  1   N/I     0x185A     0x185A   .absSeg131
.abs_section_12                    2   N/I       0x12       0x13   .absSeg132
.abs_section_14                    2   N/I       0x14       0x15   .absSeg133
.abs_section_21                    2   N/I       0x21       0x22   .absSeg134
.abs_section_23                    2   N/I       0x23       0x24   .absSeg135
.abs_section_26                    2   N/I       0x26       0x27   .absSeg136
.abs_section_29                    2   N/I       0x29       0x2A   .absSeg137
.abs_section_2c                    2   N/I       0x2C       0x2D   .absSeg138
.abs_section_2f                    2   N/I       0x2F       0x30   .absSeg139
.abs_section_32                    2   N/I       0x32       0x33   .absSeg140
.abs_section_35                    2   N/I       0x35       0x36   .absSeg141
.abs_section_38                    2   N/I       0x38       0x39   .absSeg142
.abs_section_40                    2   N/I       0x40       0x41   .absSeg143
.abs_section_54                    2   N/I       0x54       0x55   .absSeg144
.abs_section_56                    2   N/I       0x56       0x57   .absSeg145
.abs_section_61                    2   N/I       0x61       0x62   .absSeg146
.abs_section_63                    2   N/I       0x63       0x64   .absSeg147
.abs_section_66                    2   N/I       0x66       0x67   .absSeg148
.abs_section_69                    2   N/I       0x69       0x6A   .absSeg149
.abs_section_74                    2   N/I       0x74       0x75   .absSeg150
.abs_section_76                    2   N/I       0x76       0x77   .absSeg151
.abs_section_1806                  2   N/I     0x1806     0x1807   .absSeg152
.abs_section_1810                  2   N/I     0x1810     0x1811   .absSeg153
.abs_section_1812                  2   N/I     0x1812     0x1813   .absSeg154
.abs_section_1814                  2   N/I     0x1814     0x1815   .absSeg155
.abs_section_fffa                  1   N/I     0xFFFA     0xFFFA   .absSeg156
.abs_section_fffb                  1   N/I     0xFFFB     0xFFFB   .absSeg157
.abs_section_fffc                  1   N/I     0xFFFC     0xFFFC   .absSeg158
.abs_section_fffd                  1   N/I     0xFFFD     0xFFFD   .absSeg159
.abs_section_1860                  6   N/I     0x1860     0x1865   .absSeg172
.abs_section_1880                  1   N/I     0x1880     0x1880   .absSeg173
.abs_section_1890                  8   N/I     0x1890     0x1897   .absSeg174
.abs_section_b0                    1   N/I       0xB0       0xB0   .absSeg163
.abs_section_b1                    1   N/I       0xB1       0xB1   .absSeg164
.abs_section_b2                    2   N/I       0xB2       0xB3   .absSeg165
.abs_section_b4                    2   N/I       0xB4       0xB5   .absSeg166
.abs_section_b6                    1   N/I       0xB6       0xB6   .absSeg167
.abs_section_b7                    1   N/I       0xB7       0xB7   .absSeg168
.abs_section_b8                    2   N/I       0xB8       0xB9   .absSeg169
.abs_section_ba                    1   N/I       0xBA       0xBA   .absSeg170
.abs_section_bb                    2   N/I       0xBB       0xBC   .absSeg171
.bss                             609   R/W      0x31D      0x57D   RAM
.common                          539   R/W      0x57E      0x798   RAM
.stack                           512   R/W      0x799      0x998   RAM
.vectSeg175_vect                   2     R     0xFFFE     0xFFFF   .vectSeg175

Summary of section sizes per section type:
READ_ONLY (R):        94CA (dec:    38090)
READ_WRITE (R/W):      899 (dec:     2201)
NO_INIT (N/I):         18C (dec:      396)

*********************************************************************************************
VECTOR-ALLOCATION SECTION
    Address     InitValue   InitFunction
---------------------------------------------------------------------------------------------
     0xFFFE        0xFC00   _Entry

*********************************************************************************************
OBJECT-ALLOCATION SECTION
     Name               Module                 Addr   hSize   dSize     Ref    Section   RLIB
---------------------------------------------------------------------------------------------
MODULE:                 -- RTSHC08.C.o (ansiis.lib) --
- PROCEDURES:
     _PUSH_ARGS_L                              3011      20      32       2   .text       
     _ENTER_UNARY_L                            3031      29      41       4   .text       
     _ENTER_BINARY_L                           305A      16      22       6   .text       
     _ENTER_BINARY_L_RC                        3070      19      25       5   .text       
     _LADD_k_is_k_plus_j                       3089      1F      31       2   .text       
     _LSUB_k_is_k_minus_j                      30A8      1F      31       2   .text       
     _LAND_k_is_k_and_j                        30C7      1F      31       2   .text       
     _LOR_k_is_k_or_j                          30E6      1F      31       2   .text       
     _LDIVMOD                                  3105      A4     164       1   .text       
     _LMODU_k_is_k_mod_j                       31A9       B      11       1   .text       
     _LCMP_k_rel_j                             31B4      1F      31       2   .text       
     _IMUL_STAR08                              31D3      27      39     187   .text       
     _ILSL                                     31FA       C      12       6   .text       
     _ICMP                                     3206      16      22       1   .text       
     _LINC                                     321C      16      22      26   .text       
     _LDEC                                     3232      1C      28       8   .text       
     _LADD                                     324E       6       6      36   .text       
     _LADD_RC                                  3254       6       6      13   .text       
     _LSUB                                     325A       6       6      20   .text       
     _LSUB_RC                                  3260       6       6       5   .text       
     _LAND                                     3266       6       6       2   .text       
     _LAND_RC                                  326C       6       6       3   .text       
     _LOR                                      3272       6       6      10   .text       
     _LOR_RC                                   3278       6       6       3   .text       
     _LMODU                                    327E       6       6       3   .text       
     _LLSR                                     3284      16      22      10   .text       
     _LLSL                                     329A      16      22      22   .text       
     _LCMP                                     32B0       6       6      38   .text       
     _LCMP_RC                                  32B6       6       6      79   .text       
     _COPY                                     32BC      30      48     133   .text       
     _POP32                                    32EC      1A      26     100   .text       
     _SEXT16_32                                3306       D      13      16   .text       
     _Jump_Table_Addr                          3313      16      22       4   .text       
     _Jump_Table_Offset                        3329      19      25       5   .text       
     _Jump_Table_Header_Addr                   3342      2F      47       1   .text       
     _Jump_Table_Header_Offset                 3371      24      36       8   .text       
     _Search_Table_8_Addr                      3395      21      33       1   .text       
     _Search_Table_8_Offset                    33B6      25      37       1   .text       
     _PUSH_CC                                  33DB       F      15      46   .text       
     _POP_CC                                   33EA       F      15      46   .text       
- VARIABLES:
MODULE:                 -- STRING.C.o (ansiis.lib) --
- PROCEDURES:
     memcpy                                    33F9      3D      61       3   .text       
     memset                                    3436      30      48       1   .text       
- VARIABLES:
MODULE:                 -- Start08.c.o --
- PROCEDURES:
     loadByte                                  1960       E      14       5   .init       
     Init                                      196E      74     116       1   .init       
     _Startup                                  19E2       A      10       1   .init       
- VARIABLES:
     _startupData                              19EC       6       6       4   .startData  
- LABELS:
     __SEG_END_SSTACK                           999       0       0       1               
MODULE:                 -- serial_io.c.o --
- PROCEDURES:
     SCI_Init                                  3466      2A      42       1   .text       
     SCI_Close                                 3490      10      16       1   .text       
     SCI_save_and_disable_interrupt_settings       34A0       E      14       1   .text       
     SCI_restore_interrupt_settings            34AE       E      14       1   .text       
     SCI_Transmit                              34BC       E      14       1   .text       
     SCI_SendBuffer                            34CA      24      36       1   .text       
     SCI_get_pending_chars_during_an_interrupt       34EE      46      70       6   .text       
     SCI_ReceiveISR                            3534       6       6       1   .text       
     SCI_OverrunISR                            353A      19      25       1   .text       
     SCI_GetOverflowStatus                     3553       E      14       1   .text       
     SCI_CharReady                             3561       E      14       2   .text       
     SCI_GetChar                               356F      29      41       1   .text       
- VARIABLES:
     sci_rx_sptr                                31D       1       1       8   .bss        
     sci_rx_eptr                                31E       1       1       8   .bss        
     sci_virtual_serial_port_is_enabled         31F       1       1       4   .bss        
     sci_rx_buf                                 57E     100     256       2   .common     
     sci_rx_overflow_occured                    67E       1       1       6   .common     
     sci_remember_SCI1C2_REI                    67F       1       1       3   .common     
     temp_sci_stat                              680       1       1       3   .common     
     temp_sci_data                              681       1       1       2   .common     
MODULE:                 -- cmd_processing.c.o --
- PROCEDURES:
     get_mem_header                            3598      3F      63       3   .text       
     debug_command_send_return                 35D7       C      12       1   .text       
     serial_command_send_return                35E3       C      12       2   .text       
     debug_command_exec                        35EF     6BB    1723      90   .text       
     serial_command_exec                       3CAA      5D      93       1   .text       
     serial_send_data_if_pending               3D07      50      80       1   .text       
- VARIABLES:
     tCable_Status                              682       1       1       1   .common     
     uCmd                                       683       1       1      26   .common     
     uType                                      684       1       1      15   .common     
     uAddr                                      685       4       4      43   .common     
     uWidth                                     689       1       1      16   .common     
     uLen                                       68A       4       4       5   .common     
     debug_cmd_pending                          68E       1       1       4   .common     
     serial_cmd_pending                         68F       1       1       4   .common     
MODULE:                 -- MCU.c.o --
- PROCEDURES:
     Mcu_Init                                  3D57      73     115       1   .text       
     MCG_Init                                  3DCA      22      34       1   .text       
     bdm_vsw_en                                3DEC       D      13       1   .text       
     bdm_vtrg_en                               3DF9      23      35       1   .text       
     tPower_Good                               3E1C      12      18       3   .text       
     CheckTargetPower                          3E2E       D      13       1   .text       
- VARIABLES:
     FP_Stat                                    690       1       1       1   .common     
     VPP_Stat                                   691       1       1       1   .common     
MODULE:                 -- USB_User_API.c.o --
- PROCEDURES:
     Endpoint_Init                             3E3B      39      57       1   .text       
     EndPoint_IN                               3E74      92     146       2   .text       
     EndPoint_OUT                              3F06      D3     211       2   .text       
- VARIABLES:
     EP1_BDT_Buffer                            18A0      40      64       2   .abs_section_18a0
     EP2_BDT_Buffer                            18E0      40      64       2   .abs_section_18e0
     EP3_BDT_Buffer                            1920      20      32       2   .abs_section_1920
     EP4_BDT_Buffer                            1940      20      32       2   .abs_section_1940
     EP1_Buffer                                 692      40      64      25   .common     
     EP2_Buffer                                 6D2      40      64      13   .common     
     EP3_Buffer                                 712      20      32       9   .common     
     EP4_Buffer                                 732      20      32       5   .common     
MODULE:                 -- timer.c.o --
- PROCEDURES:
     wait_ms                                   3FD9      3A      58      13   .text       
     dly                                       4013      20      32       3   .text       
- VARIABLES:
MODULE:                 -- jtag_dsc.c.o --
- PROCEDURES:
     t_assert_ta                               4033       1       1       1   .text       
     t_write_ad                                4034       3       3       1   .text       
     t_read_ad                                 4037       3       3       1   .text       
     t_debug_init                              403A       1       1       1   .text       
     t_special_feature                         403B       3       3       1   .text       
     Once_Send_Receive                         403E      78     120       1   .text       
     ScanIO                                    40B6      4F      79       5   .text       
     dsc_config                                4105     42D    1069      25   .text       
     dsc_core_run_mode                         4532      C9     201       6   .text       
     dsc_run_core                              45FB      50      80       3   .text       
     run_from_pc                               464B      49      73       1   .text       
     dsc_stop_core                             4694      8A     138       1   .text       
     dsc_reset_occurred                        471E     14B     331       5   .text       
     dsc_step_core                             4869      EE     238       2   .text       
     dsc_read_reg                              4957     7FA    2042      38   .text       
     dsc_write_reg                             5151     758    1880      35   .text       
     slow_read_mem                             58A9     254     596      24   .text       
     fast_read_mem                             5AFD     417    1047      13   .text       
     dsc_read_mem                              5F14      D7     215       4   .text       
     slow_write_mem                            5FEB     2AD     685      36   .text       
     start_fast_write                          6298      FF     255       3   .text       
     do_fast_write                             6397     39E     926      19   .text       
     fast_write_mem                            6735     49E    1182      16   .text       
     fast_flush_cache                          6BD3      C0     192       2   .text       
     dsc_write_flash                           6C93     458    1112      14   .text       
     dsc_write_mem                             70EB     363     867      20   .text       
     dsc_erase_flash                           744E     52E    1326      17   .text       
     dsc_fill_mem                              797C     3C9     969      18   .text       
     instr_match                               7D45      1A      26       4   .text       
     get_instr_info                            7D5F     193     403       4   .text       
     setup_trace_buffer_for_branch_detect       7EF2      1F      31       1   .text       
     branch_taken                              7F11      31      49       1   .text       
     step_one                                  7F42     4DE    1246      16   .text       
     step_n                                    8420     10E     270       4   .text       
     read_status                               852E      88     136       5   .text       
     execute_instruction                       85B6      A4     164       2   .text       
     wait_for_debug                            865A      72     114       7   .text       
     execute_sequence                          86CC      4F      79       5   .text       
     save_cache                                871B     426    1062      21   .text       
     restore_cache                             8B41     395     917      14   .text       
     write_once_gx                             8ED6      61      97       3   .text       
     write_once_register                       8F37      48      72       1   .text       
     read_once_register                        8F7F      96     150       3   .text       
     write_core_register                       9015      AB     171       1   .text       
     read_core_register                        90C0      AD     173       1   .text       
     write_register                            916D      3C      60      46   .text       
     read_register                             91A9      96     150      22   .text       
     debug_request                             923F      4A      74       2   .text       
     activate_flash                            9289     26A     618       8   .text       
     deactivate_flash                          94F3      14      20       1   .text       
     bigendian4_to_ulong                       9507      75     117       2   .text       
     bigendian2_to_ulong                       957C      24      36      13   .text       
     ulong_to_bigendian4                       95A0      14      20       1   .text       
     ulong_to_bigendian2                       95B4       A      10      15   .text       
     littleendian4_to_ulong                    95BE      75     117       3   .text       
     ulong_to_littleendian4                    9633      14      20       3   .text       
     dsc_startup                               9647     332     818       1   .text       
     t_halt                                    9979       7       7       1   .text       
     t_go                                      9980       7       7       1   .text       
     t_step                                    9987       D      13       1   .text       
     t_read_mem                                9994      CE     206       4   .text       
     t_write_mem                               9A62      CE     206       4   .text       
     t_fill_mem                                9B30      CE     206       1   .text       
     t_write_creg                              9BFE      30      48       1   .text       
     t_read_creg                               9C2E      36      54       1   .text       
     t_reset                                   9C64      B3     179       2   .text       
     t_init                                    9D17      20      32       1   .text       
     t_serial_init                             9D37      1C      28       1   .text       
     t_stat                                    9D53      16      22       1   .text       
     t_get_ver                                 9D69      29      41       1   .text       
     t_unsecure                                9D92      46      70       1   .text       
     t_flash_power                             9DD8       3       3       2   .text       
     t_get_clock                               9DDB       8       8       1   .text       
     t_flash_prog                              9DE3       3       3       1   .text       
     t_write_dreg                              9DE6       3       3       1   .text       
     t_read_dreg                               9DE9       3       3       1   .text       
     t_set_clock                               9DEC       1       1       1   .text       
     t_config                                  9DED      36      54       1   .text       
- VARIABLES:
     TARGET_TYPE                               19FE       1       1       1   .rodata     
     FIRMWARE_TYPE                             19FF       1       1       1   .rodata     
     dsc_read_reg_sequence                     1A00     7B8    1976       4   .rodata     
     dsc_write_reg_sequence                    21B8     7B8    1976       2   .rodata     
     dsc_read_xmem_sequence                    2970     104     260       2   .rodata     
     dsc_read_pmem_sequence                    2A74      34      52       1   .rodata     
     dsc_write_xmem_sequence                   2AA8     104     260       4   .rodata     
     dsc_write_pmem_sequence                   2BAC      34      52       2   .rodata     
     dscxfer                                   2BE0     174     372       3   .rodata     
     eonce                                     2D54      E7     231       5   .rodata     
     STRING.ocr.1                              2F40       4       4       1   .rodata1    
     STRING.oscntr.2                           2F44       7       7       1   .rodata1    
     STRING.osr.3                              2F4B       4       4       1   .rodata1    
     STRING.opdbr.4                            2F4F       6       6       1   .rodata1    
     STRING.obase.5                            2F55       6       6       1   .rodata1    
     STRING.otxrxsr.6                          2F5B       8       8       1   .rodata1    
     STRING.otx.7                              2F63       4       4       1   .rodata1    
     STRING.otx1.8                             2F67       5       5       1   .rodata1    
     STRING.orx.9                              2F6C       4       4       1   .rodata1    
     STRING.orx1.10                            2F70       5       5       1   .rodata1    
     STRING.otbcr.11                           2F75       6       6       1   .rodata1    
     STRING.otbpr.12                           2F7B       6       6       1   .rodata1    
     STRING.otb.13                             2F81       4       4       1   .rodata1    
     STRING.ob0cr.14                           2F85       6       6       1   .rodata1    
     STRING.ob0ar1.15                          2F8B       7       7       1   .rodata1    
     STRING.ob0ar2.16                          2F92       7       7       1   .rodata1    
     STRING.ob0msk.17                          2F99       7       7       1   .rodata1    
     STRING.ob0cntr.18                         2FA0       8       8       1   .rodata1    
     STRING.ob1cr.19                           2FA8       6       6       1   .rodata1    
     STRING.ob1ar1.20                          2FAE       7       7       1   .rodata1    
     STRING.ob1ar2.21                          2FB5       7       7       1   .rodata1    
     STRING.ob1msk.22                          2FBC       7       7       1   .rodata1    
     STRING.ob1cntr.23                         2FC3       8       8       1   .rodata1    
     STRING.ob2cr.24                           2FCB       6       6       1   .rodata1    
     STRING.ob2ar1.25                          2FD1       7       7       1   .rodata1    
     STRING.ob2ar2.26                          2FD8       7       7       1   .rodata1    
     STRING.ob2msk.27                          2FDF       7       7       1   .rodata1    
     STRING.ob2cntr.28                         2FE6       8       8       1   .rodata1    
     STRING.ob3cr.29                           2FEE       6       6       1   .rodata1    
     STRING.ob3ar1.30                          2FF4       7       7       1   .rodata1    
     STRING.ob3ar2.31                          2FFB       7       7       1   .rodata1    
     STRING.ob3msk.32                          3002       7       7       1   .rodata1    
     STRING.ob3cntr.33                         3009       8       8       1   .rodata1    
     enable_eonce.34                            100       1       1       1   .data       
     swi                                        101       4       4       2   .data       
     addw                                       105       4       4       2   .data       
     addw_nonint                                109      18      24       1   .data       
     addw_nonint_length                         121       2       2       1   .data       
     prefix                                     123       4       4       2   .data       
     prefix_nonint                              127      78     120       1   .data       
     prefix_nonint_length                       19F       2       2       1   .data       
     short_nonint                               1A1     15C     348       1   .data       
     short_nonint_length                        2FD       2       2       1   .data       
     Cache                                      320     254     596     434   .bss        
     Nst                                        574       2       2      38   .bss        
     SimCntlRegAddr                             576       4       4       8   .bss        
MODULE:                 -- main.c.o --
- PROCEDURES:
     main                                      9E23      4D      77       1   .text       
     Dummy_ISR                                 9E70       3       3      24   .text       
     _Entry                                    FC00      32      50       0   Bootloader_ROM
     bootloader_dly_20us                       FC32       8       8       2   Bootloader_ROM
- VARIABLES:
     NVOPT_INIT                                FFBF       1       1       0   .abs_section_ffbf
     NVPROT_INIT                               FFBD       1       1       0   .abs_section_ffbd
     _UserEntry                                FABC       4       4       1   .abs_section_fabc
     _Usr_Vector                               FBC4      3A      58       0   .abs_section_fbc4
MODULE:                 -- mc9s08jm60.c.o --
- PROCEDURES:
- VARIABLES:
     _PTAD                                        0       1       1       0   .abs_section_0
     _PTADD                                       1       1       1       0   .abs_section_1
     _PTBD                                        2       1       1      12   .abs_section_2
     _PTBDD                                       3       1       1       7   .abs_section_3
     _PTCD                                        4       1       1       3   .abs_section_4
     _PTCDD                                       5       1       1       1   .abs_section_5
     _PTDD                                        6       1       1       5   .abs_section_6
     _PTDDD                                       7       1       1       1   .abs_section_7
     _PTED                                        8       1       1      15   .abs_section_8
     _PTEDD                                       9       1       1       4   .abs_section_9
     _PTFD                                        A       1       1       1   .abs_section_a
     _PTFDD                                       B       1       1       1   .abs_section_b
     _PTGD                                        C       1       1       4   .abs_section_c
     _PTGDD                                       D       1       1       3   .abs_section_d
     _ACMPSC                                      E       1       1       0   .abs_section_e
     _ADCSC1                                     10       1       1       8   .abs_section_10
     _ADCSC2                                     11       1       1       1   .abs_section_11
     _ADCCFG                                     16       1       1       2   .abs_section_16
     _APCTL1                                     17       1       1       1   .abs_section_17
     _APCTL2                                     18       1       1       1   .abs_section_18
     _IRQSC                                      1B       1       1       2   .abs_section_1b
     _KBISC                                      1C       1       1       0   .abs_section_1c
     _KBIPE                                      1D       1       1       0   .abs_section_1d
     _KBIES                                      1E       1       1       0   .abs_section_1e
     _TPM1SC                                     20       1       1       1   .abs_section_20
     _TPM1C0SC                                   25       1       1       3   .abs_section_25
     _TPM1C1SC                                   28       1       1       2   .abs_section_28
     _TPM1C2SC                                   2B       1       1       2   .abs_section_2b
     _TPM1C3SC                                   2E       1       1       2   .abs_section_2e
     _TPM1C4SC                                   31       1       1       0   .abs_section_31
     _TPM1C5SC                                   34       1       1       0   .abs_section_34
     _SCI1C1                                     3A       1       1       1   .abs_section_3a
     _SCI1C2                                     3B       1       1       7   .abs_section_3b
     _SCI1S1                                     3C       1       1       4   .abs_section_3c
     _SCI1S2                                     3D       1       1       0   .abs_section_3d
     _SCI1C3                                     3E       1       1       1   .abs_section_3e
     _SCI1D                                      3F       1       1       3   .abs_section_3f
     _SCI2C1                                     42       1       1       0   .abs_section_42
     _SCI2C2                                     43       1       1       0   .abs_section_43
     _SCI2S1                                     44       1       1       0   .abs_section_44
     _SCI2S2                                     45       1       1       0   .abs_section_45
     _SCI2C3                                     46       1       1       0   .abs_section_46
     _SCI2D                                      47       1       1       0   .abs_section_47
     _MCGC1                                      48       1       1       4   .abs_section_48
     _MCGC2                                      49       1       1       2   .abs_section_49
     _MCGTRM                                     4A       1       1       0   .abs_section_4a
     _MCGSC                                      4B       1       1       6   .abs_section_4b
     _MCGC3                                      4C       1       1       2   .abs_section_4c
     _SPI1C1                                     50       1       1       1   .abs_section_50
     _SPI1C2                                     51       1       1       1   .abs_section_51
     _SPI1BR                                     52       1       1       1   .abs_section_52
     _SPI1S                                      53       1       1       0   .abs_section_53
     _IICA                                       58       1       1       0   .abs_section_58
     _IICF                                       59       1       1       0   .abs_section_59
     _IICC1                                      5A       1       1       0   .abs_section_5a
     _IICS                                       5B       1       1       0   .abs_section_5b
     _IICD                                       5C       1       1       0   .abs_section_5c
     _IICC2                                      5D       1       1       0   .abs_section_5d
     _TPM2SC                                     60       1       1       2   .abs_section_60
     _TPM2C0SC                                   65       1       1       1   .abs_section_65
     _TPM2C1SC                                   68       1       1       1   .abs_section_68
     _RTCSC                                      6C       1       1       0   .abs_section_6c
     _RTCCNT                                     6D       1       1       0   .abs_section_6d
     _RTCMOD                                     6E       1       1       0   .abs_section_6e
     _SPI2C1                                     70       1       1       0   .abs_section_70
     _SPI2C2                                     71       1       1       0   .abs_section_71
     _SPI2BR                                     72       1       1       0   .abs_section_72
     _SPI2S                                      73       1       1       0   .abs_section_73
     _USBCTL0                                    80       1       1      13   .abs_section_80
     _PERID                                      88       1       1       0   .abs_section_88
     _IDCOMP                                     89       1       1       0   .abs_section_89
     _REV                                        8A       1       1       0   .abs_section_8a
     _INTSTAT                                    90       1       1      24   .abs_section_90
     _INTENB                                     91       1       1      13   .abs_section_91
     _ERRSTAT                                    92       1       1       4   .abs_section_92
     _ERRENB                                     93       1       1       2   .abs_section_93
     _STAT                                       94       1       1       4   .abs_section_94
     _CTL                                        95       1       1      11   .abs_section_95
     _ADDR                                       96       1       1       5   .abs_section_96
     _FRMNUML                                    97       1       1       0   .abs_section_97
     _FRMNUMH                                    98       1       1       0   .abs_section_98
     _EPCTL0                                     9D       1       1       7   .abs_section_9d
     _EPCTL1                                     9E       1       1       3   .abs_section_9e
     _EPCTL2                                     9F       1       1       1   .abs_section_9f
     _EPCTL3                                     A0       1       1       1   .abs_section_a0
     _EPCTL4                                     A1       1       1       1   .abs_section_a1
     _EPCTL5                                     A2       1       1       0   .abs_section_a2
     _EPCTL6                                     A3       1       1       0   .abs_section_a3
     _SRS                                      1800       1       1       2   .abs_section_1800
     _SBDFR                                    1801       1       1       0   .abs_section_1801
     _SOPT1                                    1802       1       1       2   .abs_section_1802
     _SOPT2                                    1803       1       1       0   .abs_section_1803
     _SPMSC1                                   1809       1       1       1   .abs_section_1809
     _SPMSC2                                   180A       1       1       0   .abs_section_180a
     _DBGC                                     1816       1       1       0   .abs_section_1816
     _DBGT                                     1817       1       1       0   .abs_section_1817
     _DBGS                                     1818       1       1       0   .abs_section_1818
     _FCDIV                                    1820       1       1       1   .abs_section_1820
     _FOPT                                     1821       1       1       0   .abs_section_1821
     _FCNFG                                    1823       1       1       0   .abs_section_1823
     _FPROT                                    1824       1       1       0   .abs_section_1824
     _FSTAT                                    1825       1       1       0   .abs_section_1825
     _FCMD                                     1826       1       1       0   .abs_section_1826
     _PTAPE                                    1840       1       1       0   .abs_section_1840
     _PTASE                                    1841       1       1       0   .abs_section_1841
     _PTADS                                    1842       1       1       0   .abs_section_1842
     _PTBPE                                    1844       1       1       0   .abs_section_1844
     _PTBSE                                    1845       1       1       0   .abs_section_1845
     _PTBDS                                    1846       1       1       0   .abs_section_1846
     _PTCPE                                    1848       1       1       3   .abs_section_1848
     _PTCSE                                    1849       1       1       0   .abs_section_1849
     _PTCDS                                    184A       1       1       0   .abs_section_184a
     _PTDPE                                    184C       1       1       0   .abs_section_184c
     _PTDSE                                    184D       1       1       0   .abs_section_184d
     _PTDDS                                    184E       1       1       0   .abs_section_184e
     _PTEPE                                    1850       1       1       0   .abs_section_1850
     _PTESE                                    1851       1       1       0   .abs_section_1851
     _PTEDS                                    1852       1       1       0   .abs_section_1852
     _PTFPE                                    1854       1       1       0   .abs_section_1854
     _PTFSE                                    1855       1       1       0   .abs_section_1855
     _PTFDS                                    1856       1       1       0   .abs_section_1856
     _PTGPE                                    1858       1       1       0   .abs_section_1858
     _PTGSE                                    1859       1       1       0   .abs_section_1859
     _PTGDS                                    185A       1       1       0   .abs_section_185a
     _ADCR                                       12       2       2       3   .abs_section_12
     _ADCCV                                      14       2       2       0   .abs_section_14
     _TPM1CNT                                    21       2       2       1   .abs_section_21
     _TPM1MOD                                    23       2       2       0   .abs_section_23
     _TPM1C0V                                    26       2       2       1   .abs_section_26
     _TPM1C1V                                    29       2       2       0   .abs_section_29
     _TPM1C2V                                    2C       2       2       0   .abs_section_2c
     _TPM1C3V                                    2F       2       2       0   .abs_section_2f
     _TPM1C4V                                    32       2       2       0   .abs_section_32
     _TPM1C5V                                    35       2       2       0   .abs_section_35
     _SCI1BD                                     38       2       2       1   .abs_section_38
     _SCI2BD                                     40       2       2       0   .abs_section_40
     _SPI1D16                                    54       2       2       0   .abs_section_54
     _SPI1M                                      56       2       2       0   .abs_section_56
     _TPM2CNT                                    61       2       2       0   .abs_section_61
     _TPM2MOD                                    63       2       2       0   .abs_section_63
     _TPM2C0V                                    66       2       2       0   .abs_section_66
     _TPM2C1V                                    69       2       2       0   .abs_section_69
     _SPI2D16                                    74       2       2       0   .abs_section_74
     _SPI2M                                      76       2       2       0   .abs_section_76
     _SDID                                     1806       2       2       0   .abs_section_1806
     _DBGCA                                    1810       2       2       0   .abs_section_1810
     _DBGCB                                    1812       2       2       0   .abs_section_1812
     _DBGF                                     1814       2       2       0   .abs_section_1814
MODULE:                 -- util.c.o --
- PROCEDURES:
     getbuf4                                   9E73      6B     107       4   .text       
     getbuf2little                             9EDE      25      37       1   .text       
- VARIABLES:
MODULE:                 -- dummy_bdm_driver.c.o --
- PROCEDURES:
     VPP_ISR                                   9F03       3       3       1   .text       
- VARIABLES:
MODULE:                 -- Usb_Descriptor.c.o --
- PROCEDURES:
- VARIABLES:
     Device_Dsc_No_Serial_Number               2E3B      12      18       1   .rodata     
     Device_Dsc_With_Serial_Number             2E4D      12      18       1   .rodata     
     Cfg_01                                    2E5F      37      55       2   .rodata     
     sd000                                     2E96       4       4       1   .rodata     
     sd001                                     2E9A      38      56       1   .rodata     
     sd002                                     2ED2      26      38       1   .rodata     
     sd003                                     2EF8      38      56       1   .rodata     
     OSSerialNum                                2FF      10      16       2   .data       
     Str_Des                                    30F       A      10       1   .data       
     Cfg_Des                                    319       4       4       1   .data       
     _Serial3                                  FFFA       1       1       3   .abs_section_fffa
     _Serial2                                  FFFB       1       1       3   .abs_section_fffb
     _Serial1                                  FFFC       1       1       3   .abs_section_fffc
     _Serial0                                  FFFD       1       1       3   .abs_section_fffd
MODULE:                 -- Usb_Drv.c.o --
- PROCEDURES:
     Initialize_USBModule                      9F06      32      50       1   .text       
     Check_USBBus_Status                       9F38      2C      44       2   .text       
     USB_Suspend                               9F64      1F      31       1   .text       
     USB_WakeFrom_Suspend                      9F83       7       7       2   .text       
     USB_Remote_Wakeup                         9F8A      28      40       1   .text       
     USB_SOF_Handler                           9FB2       3       3       1   .text       
     USB_Stall_Handler                         9FB5      11      17       1   .text       
     USB_Error_Handler                         9FC6      12      18       1   .text       
     USB_Bus_Reset_Handler                     9FD8      35      53       1   .text       
     USB_Buf_Rdy                               A00D       B      11       2   .text       
     Clear_Mem                                 A018      1E      30       3   .text       
     USB_ISR                                   A036      5E      94       1   .text       
     IRQ_ISR                                   A094       5       5       1   .text       
     USB_WakeUp                                A099      42      66       1   .text       
- VARIABLES:
     delay_count.1                              57A       2       2       3   .bss        
     Bdtmap                                    1860      20      32      58   .abs_section_1860
     CtrlTrf_Data                              1880       8       8       8   .abs_section_1880
     Setup_Pkt                                 1890       8       8      27   .abs_section_1890
     Usb_Device_State                           752       1       1      15   .common     
     Usb_Stat                                   753       1       1       7   .common     
     Usb_Active_Cfg                             754       1       1       4   .common     
     Usb_Alt_Intf                               755       1       1       4   .common     
MODULE:                 -- D:\Profiles\Freescale\JM60 samples\boot loader\boot loader win-usb_02\JM60_Bootloader-winusblib\JM60_Bootloader-winusb_02_Data\Library\ObjectCode\Bootloader.c.o (bootloaderv0_3.lib) --
- PROCEDURES:
     ICP_USB_TX_Service                        FC3A      35      53       2   Bootloader_ROM
     ICP_USB_End_Service                       FC6F      44      68       1   Bootloader_ROM
     ICP_Setup_Handler                         FCB3      CD     205       1   Bootloader_ROM
     ICP_USB_Wait                              FD80      14      20       2   Bootloader_ROM
     ICP_In_Handler                            FD94      27      39       1   Bootloader_ROM
     ICP_Out_Handler                           FDBB      5D      93       1   Bootloader_ROM
     Init_USB                                  FE18      44      68       1   Bootloader_ROM
     Bootloader_Main                           FE5C      39      57       1   Bootloader_ROM
- VARIABLES:
     _ICP_VAR                                    B0       1       1      13   .abs_section_b0
     ICP_USB_State                               B1       1       1       6   .abs_section_b1
     pDataIN                                     B2       2       2       7   .abs_section_b2
     pDataBuf                                    B4       2       2       4   .abs_section_b4
     DataIN_Cnt                                  B6       1       1      10   .abs_section_b6
     vICPStatus                                  B7       1       1       5   .abs_section_b7
     vStartAddr                                  B8       2       2       3   .abs_section_b8
     vByteNumber                                 BA       1       1       3   .abs_section_ba
     check_sum                                   BB       2       2       7   .abs_section_bb
     ICP_BDT                                   1860       6       6      20   .abs_section_1860
     ICP_IN_Data                               1880       1       1       1   .abs_section_1880
     ICP_Setup                                 1890       8       8      14   .abs_section_1890
MODULE:                 -- D:\Profiles\Freescale\JM60 samples\boot loader\boot loader win-usb_02\JM60_Bootloader-winusblib\JM60_Bootloader-winusb_02_Data\Library\ObjectCode\ICP_Flash.c.o (bootloaderv0_3.lib) --
- PROCEDURES:
     Flash_Program                             FE95      31      49       1   Bootloader_ROM
     Flash_Verification                        FEC6      42      66       1   Bootloader_ROM
     Flash_Erase                               FF08      11      17       1   Bootloader_ROM
     FLASHPGM_Copy                             FF19      2D      45       1   Bootloader_ROM
- VARIABLES:
     FLASHPGM                                   756      3B      59       7   .common     
MODULE:                 -- D:\Profiles\Freescale\JM60 samples\boot loader\boot loader win-usb_02\JM60_Bootloader-winusblib\JM60_Bootloader-winusb_02_Data\Library\ObjectCode\ICP_Desc.c.o (bootloaderv0_3.lib) --
- PROCEDURES:
- VARIABLES:
     ICP_DeviceDesc                            FF46      12      18       1   Bootloader_ROM
     ICP_ConfigDesc                            FF58      19      25       1   Bootloader_ROM
     ICP_StringDesc                            FF71       2       2       1   Bootloader_ROM
     FLASHPGM_ROM                              FF73      3B      59       1   Bootloader_ROM
MODULE:                 -- Usb_Ep0_Handler.c.o --
- PROCEDURES:
     USB_Transaction_Handler                   A0DB      64     100       1   .text       
     USB_CtrlTrf_Out_Handler                   A13F      10      16       1   .text       
     USB_CtrlTrf_RxData                        A14F      61      97       1   .text       
     USB_CtrlTrf_In_Handler                    A1B0      2C      44       1   .text       
     USB_CtrlTrf_TxData                        A1DC      78     120       2   .text       
     USB_CtrlTrf_SetupStage_Processing         A254      12      18       1   .text       
     USB_CtrlEP_SetupStage_Complete            A266      7C     124       1   .text       
     USB_Prepare_Next_Trf                      A2E2      17      23       5   .text       
     USB_StdReq_Handler                        A2F9      81     129       1   .text       
     USB_StdGetDsc_Handler                     A37A      CC     204       3   .text       
     USB_StdSetCfg_Handler                     A446      2E      46       1   .text       
     USB_StdGetStatus_Handler                  A474      7A     122       1   .text       
     USB_StdFeatureReq_Handler                 A4EE      D4     212       4   .text       
- VARIABLES:
     Ctrl_Trf_State                             791       1       1       7   .common     
     Ctrl_Trf_Session_Owner                     792       1       1      17   .common     
     pSrc                                       793       2       2      12   .common     
     pObj                                       795       2       2       5   .common     
     Transfer_Cnt                               797       2       2      19   .common     
MODULE:                 -- jtag_jm60.c.o --
- PROCEDURES:
     Jtag_UlongToScanData4                     A5C2      14      20       1   .text       
     Jtag_UlongToScanData3                     A5D6       F      15       1   .text       
     Jtag_UlongToScanData2                     A5E5       A      10       1   .text       
     jdly_loop                                 A5EF      1D      29       1   .text       
     TCLK_transition                           A60C      33      51      18   .text       
     Jtag_ScanIO                               A63F     120     288       6   .text       
     Jtag_ScanIn                               A75F      25      37       2   .text       
     Jtag_ScanOut                              A784      20      32      14   .text       
- VARIABLES:
MODULE:                 -- board_id.c.o --
- PROCEDURES:
     read_board_id                             A7A4      3B      59       1   .text       
     read_osbdm_id                             A7DF      3F      63       1   .text       
- VARIABLES:
     adc_conv                                  2F30      10      16       2   .rodata     
     board_id                                   57C       1       1       3   .bss        
     osbdm_id                                   57D       1       1       5   .bss        

*********************************************************************************************
MODULE STATISTIC
  Name                                      Data   Code  Const
---------------------------------------------------------------------------------------------
  RTSHC08.C.o (ansiis.lib)                     0   1000      0
  STRING.C.o (ansiis.lib)                      0    109      0
  Start08.c.o                                  0    140      0
  serial_io.c.o                              263    306      0
  cmd_processing.c.o                          14   1983      0
  MCU.c.o                                      2    228      0
  USB_User_API.c.o                           384    414      0
  timer.c.o                                    0     90      0
  jtag_dsc.c.o                              1113  24048   5390
  main.c.o                                     0    138     64
  mc9s08jm60.c.o                             172      0      0
  util.c.o                                     0    144      0
  dummy_bdm_driver.c.o                         0      3      0
  Usb_Descriptor.c.o                          34      0    245
  Usb_Drv.c.o                                 54    469      0
  D:\Profiles\Freescale\JM60 samples\boot loader\boot loader win-usb_02\JM60_Bootloader-winusblib\JM60_Bootloader-winusb_02_Data\Library\ObjectCode\Bootloader.c.o (bootloaderv0_3.lib)    28    603      0
  D:\Profiles\Freescale\JM60 samples\boot loader\boot loader win-usb_02\JM60_Bootloader-winusblib\JM60_Bootloader-winusb_02_Data\Library\ObjectCode\ICP_Flash.c.o (bootloaderv0_3.lib)    59    177      0
  D:\Profiles\Freescale\JM60 samples\boot loader\boot loader win-usb_02\JM60_Bootloader-winusblib\JM60_Bootloader-winusb_02_Data\Library\ObjectCode\ICP_Desc.c.o (bootloaderv0_3.lib)     0    104      0
  Usb_Ep0_Handler.c.o                          8   1255      0
  jtag_jm60.c.o                                0    482      0
  board_id.c.o                                 2    122     16
  other                                      512     20    540

*********************************************************************************************
SECTION USE IN OBJECT-ALLOCATION SECTION
---------------------------------------------------------------------------------------------
SECTION: ".text"
  _PUSH_ARGS_L _ENTER_UNARY_L _ENTER_BINARY_L _ENTER_BINARY_L_RC 
  _LADD_k_is_k_plus_j _LSUB_k_is_k_minus_j _LAND_k_is_k_and_j _LOR_k_is_k_or_j 
  _LDIVMOD _LMODU_k_is_k_mod_j _LCMP_k_rel_j _IMUL_STAR08 _ILSL _ICMP _LINC 
  _LDEC _LADD _LADD_RC _LSUB _LSUB_RC _LAND _LAND_RC _LOR _LOR_RC _LMODU _LLSR 
  _LLSL _LCMP _LCMP_RC _COPY _POP32 _SEXT16_32 _Jump_Table_Addr 
  _Jump_Table_Offset _Jump_Table_Header_Addr _Jump_Table_Header_Offset 
  _Search_Table_8_Addr _Search_Table_8_Offset _PUSH_CC _POP_CC memcpy memset 
  SCI_Init SCI_Close SCI_save_and_disable_interrupt_settings 
  SCI_restore_interrupt_settings SCI_Transmit SCI_SendBuffer 
  SCI_get_pending_chars_during_an_interrupt SCI_ReceiveISR SCI_OverrunISR 
  SCI_GetOverflowStatus SCI_CharReady SCI_GetChar get_mem_header 
  debug_command_send_return serial_command_send_return debug_command_exec 
  serial_command_exec serial_send_data_if_pending Mcu_Init MCG_Init bdm_vsw_en 
  bdm_vtrg_en tPower_Good CheckTargetPower Endpoint_Init EndPoint_IN 
  EndPoint_OUT wait_ms dly t_assert_ta t_write_ad t_read_ad t_debug_init 
  t_special_feature Once_Send_Receive ScanIO dsc_config dsc_core_run_mode 
  dsc_run_core run_from_pc dsc_stop_core dsc_reset_occurred dsc_step_core 
  dsc_read_reg dsc_write_reg slow_read_mem fast_read_mem dsc_read_mem 
  slow_write_mem start_fast_write do_fast_write fast_write_mem fast_flush_cache 
  dsc_write_flash dsc_write_mem dsc_erase_flash dsc_fill_mem instr_match 
  get_instr_info setup_trace_buffer_for_branch_detect branch_taken step_one 
  step_n read_status execute_instruction wait_for_debug execute_sequence 
  save_cache restore_cache write_once_gx write_once_register read_once_register 
  write_core_register read_core_register write_register read_register 
  debug_request activate_flash deactivate_flash bigendian4_to_ulong 
  bigendian2_to_ulong ulong_to_bigendian4 ulong_to_bigendian2 
  littleendian4_to_ulong ulong_to_littleendian4 dsc_startup t_halt t_go t_step 
  t_read_mem t_write_mem t_fill_mem t_write_creg t_read_creg t_reset t_init 
  t_serial_init t_stat t_get_ver t_unsecure t_flash_power t_get_clock 
  t_flash_prog t_write_dreg t_read_dreg t_set_clock t_config main Dummy_ISR 
  getbuf4 getbuf2little VPP_ISR Initialize_USBModule Check_USBBus_Status 
  USB_Suspend USB_WakeFrom_Suspend USB_Remote_Wakeup USB_SOF_Handler 
  USB_Stall_Handler USB_Error_Handler USB_Bus_Reset_Handler USB_Buf_Rdy 
  Clear_Mem USB_ISR IRQ_ISR USB_WakeUp USB_Transaction_Handler 
  USB_CtrlTrf_Out_Handler USB_CtrlTrf_RxData USB_CtrlTrf_In_Handler 
  USB_CtrlTrf_TxData USB_CtrlTrf_SetupStage_Processing 
  USB_CtrlEP_SetupStage_Complete USB_Prepare_Next_Trf USB_StdReq_Handler 
  USB_StdGetDsc_Handler USB_StdSetCfg_Handler USB_StdGetStatus_Handler 
  USB_StdFeatureReq_Handler Jtag_UlongToScanData4 Jtag_UlongToScanData3 
  Jtag_UlongToScanData2 jdly_loop TCLK_transition Jtag_ScanIO Jtag_ScanIn 
  Jtag_ScanOut read_board_id read_osbdm_id 
SECTION: ".data"
  enable_eonce.34 swi addw addw_nonint addw_nonint_length prefix prefix_nonint 
  prefix_nonint_length short_nonint short_nonint_length OSSerialNum Str_Des 
  Cfg_Des 
SECTION: ".bss"
  sci_rx_sptr sci_rx_eptr sci_virtual_serial_port_is_enabled Cache Nst 
  SimCntlRegAddr delay_count.1 board_id osbdm_id 
SECTION: ".init"
  loadByte Init _Startup 
SECTION: ".rodata"
  TARGET_TYPE FIRMWARE_TYPE dsc_read_reg_sequence dsc_write_reg_sequence 
  dsc_read_xmem_sequence dsc_read_pmem_sequence dsc_write_xmem_sequence 
  dsc_write_pmem_sequence dscxfer eonce Device_Dsc_No_Serial_Number 
  Device_Dsc_With_Serial_Number Cfg_01 sd000 sd001 sd002 sd003 adc_conv 
SECTION: ".rodata1"
  STRING.ocr.1 STRING.oscntr.2 STRING.osr.3 STRING.opdbr.4 STRING.obase.5 
  STRING.otxrxsr.6 STRING.otx.7 STRING.otx1.8 STRING.orx.9 STRING.orx1.10 
  STRING.otbcr.11 STRING.otbpr.12 STRING.otb.13 STRING.ob0cr.14 
  STRING.ob0ar1.15 STRING.ob0ar2.16 STRING.ob0msk.17 STRING.ob0cntr.18 
  STRING.ob1cr.19 STRING.ob1ar1.20 STRING.ob1ar2.21 STRING.ob1msk.22 
  STRING.ob1cntr.23 STRING.ob2cr.24 STRING.ob2ar1.25 STRING.ob2ar2.26 
  STRING.ob2msk.27 STRING.ob2cntr.28 STRING.ob3cr.29 STRING.ob3ar1.30 
  STRING.ob3ar2.31 STRING.ob3msk.32 STRING.ob3cntr.33 
SECTION: "Bootloader_ROM"
  _Entry bootloader_dly_20us ICP_USB_TX_Service ICP_USB_End_Service 
  ICP_Setup_Handler ICP_USB_Wait ICP_In_Handler ICP_Out_Handler Init_USB 
  Bootloader_Main Flash_Program Flash_Verification Flash_Erase FLASHPGM_Copy 
  ICP_DeviceDesc ICP_ConfigDesc ICP_StringDesc FLASHPGM_ROM 
SECTION: ".common"
  sci_rx_buf sci_rx_overflow_occured sci_remember_SCI1C2_REI temp_sci_stat 
  temp_sci_data tCable_Status uCmd uType uAddr uWidth uLen debug_cmd_pending 
  serial_cmd_pending FP_Stat VPP_Stat EP1_Buffer EP2_Buffer EP3_Buffer 
  EP4_Buffer Usb_Device_State Usb_Stat Usb_Active_Cfg Usb_Alt_Intf FLASHPGM 
  Ctrl_Trf_State Ctrl_Trf_Session_Owner pSrc pObj Transfer_Cnt 
SECTION: ".abs_section_18a0"
  EP1_BDT_Buffer 
SECTION: ".abs_section_18e0"
  EP2_BDT_Buffer 
SECTION: ".abs_section_1920"
  EP3_BDT_Buffer 
SECTION: ".abs_section_1940"
  EP4_BDT_Buffer 
SECTION: ".abs_section_ffbf"
  NVOPT_INIT 
SECTION: ".abs_section_ffbd"
  NVPROT_INIT 
SECTION: ".abs_section_fabc"
  _UserEntry 
SECTION: ".abs_section_fbc4"
  _Usr_Vector 
SECTION: ".abs_section_0"
  _PTAD 
SECTION: ".abs_section_1"
  _PTADD 
SECTION: ".abs_section_2"
  _PTBD 
SECTION: ".abs_section_3"
  _PTBDD 
SECTION: ".abs_section_4"
  _PTCD 
SECTION: ".abs_section_5"
  _PTCDD 
SECTION: ".abs_section_6"
  _PTDD 
SECTION: ".abs_section_7"
  _PTDDD 
SECTION: ".abs_section_8"
  _PTED 
SECTION: ".abs_section_9"
  _PTEDD 
SECTION: ".abs_section_a"
  _PTFD 
SECTION: ".abs_section_b"
  _PTFDD 
SECTION: ".abs_section_c"
  _PTGD 
SECTION: ".abs_section_d"
  _PTGDD 
SECTION: ".abs_section_e"
  _ACMPSC 
SECTION: ".abs_section_10"
  _ADCSC1 
SECTION: ".abs_section_11"
  _ADCSC2 
SECTION: ".abs_section_16"
  _ADCCFG 
SECTION: ".abs_section_17"
  _APCTL1 
SECTION: ".abs_section_18"
  _APCTL2 
SECTION: ".abs_section_1b"
  _IRQSC 
SECTION: ".abs_section_1c"
  _KBISC 
SECTION: ".abs_section_1d"
  _KBIPE 
SECTION: ".abs_section_1e"
  _KBIES 
SECTION: ".abs_section_20"
  _TPM1SC 
SECTION: ".abs_section_25"
  _TPM1C0SC 
SECTION: ".abs_section_28"
  _TPM1C1SC 
SECTION: ".abs_section_2b"
  _TPM1C2SC 
SECTION: ".abs_section_2e"
  _TPM1C3SC 
SECTION: ".abs_section_31"
  _TPM1C4SC 
SECTION: ".abs_section_34"
  _TPM1C5SC 
SECTION: ".abs_section_3a"
  _SCI1C1 
SECTION: ".abs_section_3b"
  _SCI1C2 
SECTION: ".abs_section_3c"
  _SCI1S1 
SECTION: ".abs_section_3d"
  _SCI1S2 
SECTION: ".abs_section_3e"
  _SCI1C3 
SECTION: ".abs_section_3f"
  _SCI1D 
SECTION: ".abs_section_42"
  _SCI2C1 
SECTION: ".abs_section_43"
  _SCI2C2 
SECTION: ".abs_section_44"
  _SCI2S1 
SECTION: ".abs_section_45"
  _SCI2S2 
SECTION: ".abs_section_46"
  _SCI2C3 
SECTION: ".abs_section_47"
  _SCI2D 
SECTION: ".abs_section_48"
  _MCGC1 
SECTION: ".abs_section_49"
  _MCGC2 
SECTION: ".abs_section_4a"
  _MCGTRM 
SECTION: ".abs_section_4b"
  _MCGSC 
SECTION: ".abs_section_4c"
  _MCGC3 
SECTION: ".abs_section_50"
  _SPI1C1 
SECTION: ".abs_section_51"
  _SPI1C2 
SECTION: ".abs_section_52"
  _SPI1BR 
SECTION: ".abs_section_53"
  _SPI1S 
SECTION: ".abs_section_58"
  _IICA 
SECTION: ".abs_section_59"
  _IICF 
SECTION: ".abs_section_5a"
  _IICC1 
SECTION: ".abs_section_5b"
  _IICS 
SECTION: ".abs_section_5c"
  _IICD 
SECTION: ".abs_section_5d"
  _IICC2 
SECTION: ".abs_section_60"
  _TPM2SC 
SECTION: ".abs_section_65"
  _TPM2C0SC 
SECTION: ".abs_section_68"
  _TPM2C1SC 
SECTION: ".abs_section_6c"
  _RTCSC 
SECTION: ".abs_section_6d"
  _RTCCNT 
SECTION: ".abs_section_6e"
  _RTCMOD 
SECTION: ".abs_section_70"
  _SPI2C1 
SECTION: ".abs_section_71"
  _SPI2C2 
SECTION: ".abs_section_72"
  _SPI2BR 
SECTION: ".abs_section_73"
  _SPI2S 
SECTION: ".abs_section_80"
  _USBCTL0 
SECTION: ".abs_section_88"
  _PERID 
SECTION: ".abs_section_89"
  _IDCOMP 
SECTION: ".abs_section_8a"
  _REV 
SECTION: ".abs_section_90"
  _INTSTAT 
SECTION: ".abs_section_91"
  _INTENB 
SECTION: ".abs_section_92"
  _ERRSTAT 
SECTION: ".abs_section_93"
  _ERRENB 
SECTION: ".abs_section_94"
  _STAT 
SECTION: ".abs_section_95"
  _CTL 
SECTION: ".abs_section_96"
  _ADDR 
SECTION: ".abs_section_97"
  _FRMNUML 
SECTION: ".abs_section_98"
  _FRMNUMH 
SECTION: ".abs_section_9d"
  _EPCTL0 
SECTION: ".abs_section_9e"
  _EPCTL1 
SECTION: ".abs_section_9f"
  _EPCTL2 
SECTION: ".abs_section_a0"
  _EPCTL3 
SECTION: ".abs_section_a1"
  _EPCTL4 
SECTION: ".abs_section_a2"
  _EPCTL5 
SECTION: ".abs_section_a3"
  _EPCTL6 
SECTION: ".abs_section_1800"
  _SRS 
SECTION: ".abs_section_1801"
  _SBDFR 
SECTION: ".abs_section_1802"
  _SOPT1 
SECTION: ".abs_section_1803"
  _SOPT2 
SECTION: ".abs_section_1809"
  _SPMSC1 
SECTION: ".abs_section_180a"
  _SPMSC2 
SECTION: ".abs_section_1816"
  _DBGC 
SECTION: ".abs_section_1817"
  _DBGT 
SECTION: ".abs_section_1818"
  _DBGS 
SECTION: ".abs_section_1820"
  _FCDIV 
SECTION: ".abs_section_1821"
  _FOPT 
SECTION: ".abs_section_1823"
  _FCNFG 
SECTION: ".abs_section_1824"
  _FPROT 
SECTION: ".abs_section_1825"
  _FSTAT 
SECTION: ".abs_section_1826"
  _FCMD 
SECTION: ".abs_section_1840"
  _PTAPE 
SECTION: ".abs_section_1841"
  _PTASE 
SECTION: ".abs_section_1842"
  _PTADS 
SECTION: ".abs_section_1844"
  _PTBPE 
SECTION: ".abs_section_1845"
  _PTBSE 
SECTION: ".abs_section_1846"
  _PTBDS 
SECTION: ".abs_section_1848"
  _PTCPE 
SECTION: ".abs_section_1849"
  _PTCSE 
SECTION: ".abs_section_184a"
  _PTCDS 
SECTION: ".abs_section_184c"
  _PTDPE 
SECTION: ".abs_section_184d"
  _PTDSE 
SECTION: ".abs_section_184e"
  _PTDDS 
SECTION: ".abs_section_1850"
  _PTEPE 
SECTION: ".abs_section_1851"
  _PTESE 
SECTION: ".abs_section_1852"
  _PTEDS 
SECTION: ".abs_section_1854"
  _PTFPE 
SECTION: ".abs_section_1855"
  _PTFSE 
SECTION: ".abs_section_1856"
  _PTFDS 
SECTION: ".abs_section_1858"
  _PTGPE 
SECTION: ".abs_section_1859"
  _PTGSE 
SECTION: ".abs_section_185a"
  _PTGDS 
SECTION: ".abs_section_12"
  _ADCR 
SECTION: ".abs_section_14"
  _ADCCV 
SECTION: ".abs_section_21"
  _TPM1CNT 
SECTION: ".abs_section_23"
  _TPM1MOD 
SECTION: ".abs_section_26"
  _TPM1C0V 
SECTION: ".abs_section_29"
  _TPM1C1V 
SECTION: ".abs_section_2c"
  _TPM1C2V 
SECTION: ".abs_section_2f"
  _TPM1C3V 
SECTION: ".abs_section_32"
  _TPM1C4V 
SECTION: ".abs_section_35"
  _TPM1C5V 
SECTION: ".abs_section_38"
  _SCI1BD 
SECTION: ".abs_section_40"
  _SCI2BD 
SECTION: ".abs_section_54"
  _SPI1D16 
SECTION: ".abs_section_56"
  _SPI1M 
SECTION: ".abs_section_61"
  _TPM2CNT 
SECTION: ".abs_section_63"
  _TPM2MOD 
SECTION: ".abs_section_66"
  _TPM2C0V 
SECTION: ".abs_section_69"
  _TPM2C1V 
SECTION: ".abs_section_74"
  _SPI2D16 
SECTION: ".abs_section_76"
  _SPI2M 
SECTION: ".abs_section_1806"
  _SDID 
SECTION: ".abs_section_1810"
[...]
 |  |  |     |  |  |  +- _LCMP                (see above)
 |  |  |     |  |  |  |  
 |  |  |     |  |  |  +- _SEXT16_32           (see above)
 |  |  |     |  |  |  |  
 |  |  |     |  |  |  +- ulong_to_bigendian2  (see above)
 |  |  |     |  |  |  |  
 |  |  |     |  |  |  +- _LINC                (see above)
 |  |  |     |  |  |  |  
 |  |  |     |  |  |  +- _POP32               (see above)
 |  |  |     |  |  |  |  
 |  |  |     |  |  |  +- slow_write_mem       (see above)
 |  |  |     |  |  |  |  
 |  |  |     |  |  |  +- _LADD_RC             (see above)
 |  |  |     |  |  |  |  
 |  |  |     |  |  |  +- slow_read_mem        (see above)
 |  |  |     |  |  |  |  
 |  |  |     |  |  |  +- bigendian2_to_ulong  (see above)
 |  |  |     |  |  |  |  
 |  |  |     |  |  |  +- wait_ms              (see above)
 |  |  |     |  |  |  |  
 |  |  |     |  |  |  +- _LCMP_RC             (see above)
 |  |  |     |  |  |  |  
 |  |  |     |  |  |  +- write_register       (see above)
 |  |  |     |  |  |  |  
 |  |  |     |  |  |  +- do_fast_write       
 |  |  |     |  |  |     | 
 |  |  |     |  |  |     +- _LLSR                (see above)
 |  |  |     |  |  |     |  
 |  |  |     |  |  |     +- _POP32               (see above)
 |  |  |     |  |  |     |  
 |  |  |     |  |  |     +- _COPY                (see above)
 |  |  |     |  |  |     |  
 |  |  |     |  |  |     +- slow_write_mem       (see above)
 |  |  |     |  |  |     |  
 |  |  |     |  |  |     +- _IMUL_STAR08         (see above)
 |  |  |     |  |  |     |  
 |  |  |     |  |  |     +- _ILSL                (see above)
 |  |  |     |  |  |     |  
 |  |  |     |  |  |     +- _LCMP                (see above)
 |  |  |     |  |  |     |  
 |  |  |     |  |  |     +- _LINC                (see above)
 |  |  |     |  |  |     |  
 |  |  |     |  |  |     +- _LDEC                (see above)
 |  |  |     |  |  |     |  
 |  |  |     |  |  |     +- start_fast_write    
 |  |  |     |  |  |     |  | 
 |  |  |     |  |  |     |  +- _LADD_RC             (see above)
 |  |  |     |  |  |     |  |  
 |  |  |     |  |  |     |  +- _POP32               (see above)
 |  |  |     |  |  |     |  |  
 |  |  |     |  |  |     |  +- _IMUL_STAR08         (see above)
 |  |  |     |  |  |     |  |  
 |  |  |     |  |  |     |  +- write_register       (see above)
 |  |  |     |  |  |     |  |  
 |  |  |     |  |  |     |  +- write_once_gx        (see above)
 |  |  |     |  |  |     |  |  
 |  |  |     |  |  |     |  +- _LLSL                (see above)
 |  |  |     |  |  |     |  |  
 |  |  |     |  |  |     |  +- _LOR                 (see above)
 |  |  |     |  |  |     |     
 |  |  |     |  |  |     +- bigendian2_to_ulong  (see above)
 |  |  |     |  |  |     |  
 |  |  |     |  |  |     +- _LLSL                (see above)
 |  |  |     |  |  |     |  
 |  |  |     |  |  |     +- _LOR_RC              (see above)
 |  |  |     |  |  |     |  
 |  |  |     |  |  |     +- write_register       (see above)
 |  |  |     |  |  |     |  
 |  |  |     |  |  |     +- Jtag_ScanOut         (see above)
 |  |  |     |  |  |     |  
 |  |  |     |  |  |     +- _LCMP_RC             (see above)
 |  |  |     |  |  |     |  
 |  |  |     |  |  |     +- read_register        (see above)
 |  |  |     |  |  |     |  
 |  |  |     |  |  |     +- _LADD_RC             (see above)
 |  |  |     |  |  |     |  
 |  |  |     |  |  |     +- _LSUB_RC             (see above)
 |  |  |     |  |  |     |  
 |  |  |     |  |  |     +- _LOR                 (see above)
 |  |  |     |  |  |     |  
 |  |  |     |  |  |     +- wait_for_debug       (see above)
 |  |  |     |  |  |     |  
 |  |  |     |  |  |     +- debug_request       
 |  |  |     |  |  |        | 
 |  |  |     |  |  |        +- Jtag_ScanOut         (see above)
 |  |  |     |  |  |        |  
 |  |  |     |  |  |        +- wait_for_debug       (see above)
 |  |  |     |  |  |           
 |  |  |     |  |  +- _LCMP_RC             (see above)
 |  |  |     |  |  |  
 |  |  |     |  |  +- fast_write_mem      
 |  |  |     |  |  |  | 
 |  |  |     |  |  |  +- _IMUL_STAR08         (see above)
 |  |  |     |  |  |  |  
 |  |  |     |  |  |  +- _COPY                (see above)
 |  |  |     |  |  |  |  
 |  |  |     |  |  |  +- _LADD_RC             (see above)
 |  |  |     |  |  |  |  
 |  |  |     |  |  |  +- _POP32               (see above)
 |  |  |     |  |  |  |  
 |  |  |     |  |  |  +- _LLSR                (see above)
 |  |  |     |  |  |  |  
 |  |  |     |  |  |  +- do_fast_write        (see above)
 |  |  |     |  |  |  |  
 |  |  |     |  |  |  +- _LCMP                (see above)
 |  |  |     |  |  |  |  
 |  |  |     |  |  |  +- _LSUB                (see above)
 |  |  |     |  |  |  |  
 |  |  |     |  |  |  +- _LLSL                (see above)
 |  |  |     |  |  |  |  
 |  |  |     |  |  |  +- memcpy               (see above)
 |  |  |     |  |  |  |  
 |  |  |     |  |  |  +- _LADD                (see above)
 |  |  |     |  |  |  |  
 |  |  |     |  |  |  +- _LDEC                (see above)
 |  |  |     |  |  |  |  
 |  |  |     |  |  |  +- _LINC                (see above)
 |  |  |     |  |  |     
 |  |  |     |  |  +- _LSUB_RC             (see above)
 |  |  |     |  |  |  
 |  |  |     |  |  +- _POP32               (see above)
 |  |  |     |  |  |  
 |  |  |     |  |  +- _LADD_RC             (see above)
 |  |  |     |  |  |  
 |  |  |     |  |  +- do_fast_write        (see above)
 |  |  |     |  |     
 |  |  |     |  +- dsc_run_core         (see above)
 |  |  |     |  |  
 |  |  |     |  +- wait_for_debug       (see above)
 |  |  |     |  |  
 |  |  |     |  +- dsc_core_run_mode   
 |  |  |     |  |  | 
 |  |  |     |  |  +- read_status          (see above)
 |  |  |     |  |  |  
 |  |  |     |  |  +- _IMUL_STAR08         (see above)
 |  |  |     |  |  |  
 |  |  |     |  |  +- save_cache           (see above)
 |  |  |     |  |     
 |  |  |     |  +- _LADD_RC             (see above)
 |  |  |     |  |  
 |  |  |     |  +- _LCMP                (see above)
 |  |  |     |  |  
 |  |  |     |  +- get_instr_info      
 |  |  |     |  |  | 
 |  |  |     |  |  +- instr_match          (see above)
 |  |  |     |  |  |  
 |  |  |     |  |  +- _IMUL_STAR08         (see above)
 |  |  |     |  |     
 |  |  |     |  +- _SEXT16_32           (see above)
 |  |  |     |  |  
 |  |  |     |  +- _LADD                (see above)
 |  |  |     |  |  
 |  |  |     |  +- setup_trace_buffer_for_branch_detect
 |  |  |     |  |  | 
 |  |  |     |  |  +- write_register       (see above)
 |  |  |     |  |     
 |  |  |     |  +- step_n              
 |  |  |     |  |  | 
 |  |  |     |  |  +- _IMUL_STAR08         (see above)
 |  |  |     |  |  |  
 |  |  |     |  |  +- _COPY                (see above)
 |  |  |     |  |  |  
 |  |  |     |  |  +- _SEXT16_32           (see above)
 |  |  |     |  |  |  
 |  |  |     |  |  +- _LDEC                (see above)
 |  |  |     |  |  |  
 |  |  |     |  |  +- write_register       (see above)
 |  |  |     |  |  |  
 |  |  |     |  |  +- dsc_run_core         (see above)
 |  |  |     |  |  |  
 |  |  |     |  |  +- wait_for_debug       (see above)
 |  |  |     |  |  |  
 |  |  |     |  |  +- dsc_core_run_mode    (see above)
 |  |  |     |  |     
 |  |  |     |  +- branch_taken        
 |  |  |     |     | 
 |  |  |     |     +- read_register        (see above)
 |  |  |     |     |  
 |  |  |     |     +- write_register       (see above)
 |  |  |     |        
 |  |  |     +- step_n               (see above)
 |  |  |        
 |  |  +- t_halt              
 |  |  |  | 
 |  |  |  +- dsc_stop_core       
 |  |  |     | 
 |  |  |     +- dsc_core_run_mode    (see above)
 |  |  |     |  
 |  |  |     +- debug_request        (see above)
 |  |  |     |  
 |  |  |     +- _IMUL_STAR08         (see above)
 |  |  |     |  
 |  |  |     +- save_cache           (see above)
 |  |  |        
 |  |  +- getbuf4             
 |  |  |  | 
 |  |  |  +- _LLSL                (see above)
 |  |  |  |  
 |  |  |  +- _POP32               (see above)
 |  |  |  |  
 |  |  |  +- _LADD                (see above)
 |  |  |  |  
 |  |  |  +- _COPY                (see above)
 |  |  |     
 |  |  +- t_config            
 |  |  |  | 
 |  |  |  +- dsc_config          
 |  |  |     | 
 |  |  |     +- _IMUL_STAR08         (see above)
 |  |  |     |  
 |  |  |     +- _ILSL                (see above)
 |  |  |     |  
 |  |  |     +- _Jump_Table_Header_Addr
 |  |  |     |    
 |  |  |     +- _COPY                (see above)
 |  |  |     |  
 |  |  |     +- memset              
 |  |  |     |    
 |  |  |     +- _LCMP                (see above)
 |  |  |     |  
 |  |  |     +- _LINC                (see above)
 |  |  |     |  
 |  |  |     +- _LLSR                (see above)
 |  |  |     |  
 |  |  |     +- _POP32               (see above)
 |  |  |     |  
 |  |  |     +- _LADD                (see above)
 |  |  |     |  
 |  |  |     +- _LDEC                (see above)
 |  |  |     |  
 |  |  |     +- activate_flash       (see above)
 |  |  |     |  
 |  |  |     +- deactivate_flash    
 |  |  |          
 |  |  +- t_set_clock         
 |  |  |    
 |  |  +- t_get_clock         
 |  |  |    
 |  |  +- t_special_feature   
 |  |  |    
 |  |  +- get_mem_header      
 |  |  |  | 
 |  |  |  +- getbuf4              (see above)
 |  |  |     
 |  |  +- _LCMP                (see above)
 |  |  |  
 |  |  +- _Jump_Table_Offset  
 |  |  |    
 |  |  +- t_write_mem         
 |  |  |  | 
 |  |  |  +- _Jump_Table_Offset   (see above)
 |  |  |  |  
 |  |  |  +- _SEXT16_32           (see above)
 |  |  |  |  
 |  |  |  +- _COPY                (see above)
 |  |  |  |  
 |  |  |  +- dsc_write_mem        (see above)
 |  |  |     
 |  |  +- _LADD                (see above)
 |  |  |  
 |  |  +- _POP32               (see above)
 |  |  |  
 |  |  +- t_write_ad          
 |  |  |    
 |  |  +- t_write_creg        
 |  |  |  | 
 |  |  |  +- littleendian4_to_ulong (see above)
 |  |  |  |  
 |  |  |  +- dsc_write_reg       
 |  |  |     | 
 |  |  |     +- _LCMP_RC             (see above)
 |  |  |     |  
 |  |  |     +- _PUSH_CC             (see above)
 |  |  |     |  
 |  |  |     +- _POP_CC              (see above)
 |  |  |     |  
 |  |  |     +- dsc_core_run_mode    (see above)
 |  |  |     |  
 |  |  |     +- write_register       (see above)
 |  |  |     |  
 |  |  |     +- _IMUL_STAR08         (see above)
 |  |  |     |  
 |  |  |     +- _COPY                (see above)
 |  |  |     |  
 |  |  |     +- _LOR_RC              (see above)
 |  |  |     |  
 |  |  |     +- _POP32               (see above)
 |  |  |     |  
 |  |  |     +- _LAND_RC             (see above)
 |  |  |        
 |  |  +- t_write_dreg        
 |  |  |    
 |  |  +- t_fill_mem          
 |  |  |  | 
 |  |  |  +- _Jump_Table_Offset   (see above)
 |  |  |  |  
 |  |  |  +- _SEXT16_32           (see above)
 |  |  |  |  
 |  |  |  +- _COPY                (see above)
 |  |  |  |  
 |  |  |  +- dsc_fill_mem        
 |  |  |     | 
 |  |  |     +- _IMUL_STAR08         (see above)
 |  |  |     |  
 |  |  |     +- _COPY                (see above)
 |  |  |     |  
 |  |  |     +- slow_read_mem        (see above)
 |  |  |     |  
 |  |  |     +- slow_write_mem       (see above)
 |  |  |     |  
 |  |  |     +- dsc_erase_flash     
 |  |  |     |  | 
 |  |  |     |  +- _IMUL_STAR08         (see above)
 |  |  |     |  |  
 |  |  |     |  +- _COPY                (see above)
 |  |  |     |  |  
 |  |  |     |  +- _ILSL                (see above)
 |  |  |     |  |  
 |  |  |     |  +- _LCMP                (see above)
 |  |  |     |  |  
 |  |  |     |  +- _SEXT16_32           (see above)
 |  |  |     |  |  
 |  |  |     |  +- ulong_to_bigendian2  (see above)
 |  |  |     |  |  
 |  |  |     |  +- _LINC                (see above)
 |  |  |     |  |  
 |  |  |     |  +- _POP32               (see above)
 |  |  |     |  |  
 |  |  |     |  +- slow_write_mem       (see above)
 |  |  |     |  |  
 |  |  |     |  +- _LADD_RC             (see above)
 |  |  |     |  |  
 |  |  |     |  +- slow_read_mem        (see above)
 |  |  |     |  |  
 |  |  |     |  +- bigendian2_to_ulong  (see above)
 |  |  |     |  |  
 |  |  |     |  +- wait_ms              (see above)
 |  |  |     |  |  
 |  |  |     |  +- _LCMP_RC             (see above)
 |  |  |     |  |  
 |  |  |     |  +- _LSUB_RC             (see above)
 |  |  |     |  |  
 |  |  |     |  +- _LLSR                (see above)
 |  |  |     |  |  
 |  |  |     |  +- _LADD                (see above)
 |  |  |     |  |  
 |  |  |     |  +- _LDEC                (see above)
 |  |  |     |     
 |  |  |     +- _LMODU               (see above)
 |  |  |     |  
 |  |  |     +- _LCMP_RC             (see above)
 |  |  |     |  
 |  |  |     +- _PUSH_CC             (see above)
 |  |  |     |  
 |  |  |     +- _POP_CC              (see above)
 |  |  |     |  
 |  |  |     +- write_register       (see above)
 |  |  |     |  
 |  |  |     +- bigendian2_to_ulong  (see above)
 |  |  |     |  
 |  |  |     +- bigendian4_to_ulong  (see above)
 |  |  |     |  
 |  |  |     +- _LLSR                (see above)
 |  |  |     |  
 |  |  |     +- execute_sequence     (see above)
 |  |  |     |  
 |  |  |     +- _LADD                (see above)
 |  |  |     |  
 |  |  |     +- _POP32               (see above)
 |  |  |     |  
 |  |  |     +- _LCMP                (see above)
 |  |  |        
 |  |  +- t_flash_power       
 |  |  |    
 |  |  +- t_flash_prog        
 |  |  |    
 |  |  +- t_read_mem          
 |  |  |  | 
 |  |  |  +- _Jump_Table_Offset   (see above)
 |  |  |  |  
 |  |  |  +- _SEXT16_32           (see above)
 |  |  |  |  
 |  |  |  +- _COPY                (see above)
 |  |  |  |  
 |  |  |  +- dsc_read_mem         (see above)
 |  |  |     
 |  |  +- t_read_ad           
 |  |  |    
 |  |  +- t_read_creg         
 |  |  |  | 
 |  |  |  +- dsc_read_reg        
 |  |  |  |  | 
 |  |  |  |  +- _IMUL_STAR08         (see above)
 |  |  |  |  |  
 |  |  |  |  +- _COPY                (see above)
 |  |  |  |  |  
 |  |  |  |  +- Jtag_ScanIO          (see above)
 |  |  |  |  |  
 |  |  |  |  +- _LCMP_RC             (see above)
 |  |  |  |  |  
 |  |  |  |  +- _PUSH_CC             (see above)
 |  |  |  |  |  
 |  |  |  |  +- _POP_CC              (see above)
 |  |  |  |  |  
 |  |  |  |  +- dsc_core_run_mode    (see above)
 |  |  |  |  |  
 |  |  |  |  +- read_register        (see above)
 |  |  |  |     
 |  |  |  +- ulong_to_littleendian4 (see above)
 |  |  |     
 |  |  +- t_read_dreg         
 |  |  |    
 |  |  +- t_unsecure          
 |  |  |  | 
 |  |  |  +- _COPY                (see above)
 |  |  |  |  
 |  |  |  +- dsc_fill_mem         (see above)
 |  |  |     
 |  |  +- debug_command_send_return
 |  |     | 
 |  |     +- EndPoint_IN         
 |  |        | 
 |  |        +- _Jump_Table_Header_Offset
 |  |        |    
 |  |        +- USB_Buf_Rdy         
 |  |             
 |  +- serial_command_exec 
 |  |  | 
 |  |  +- _Jump_Table_Header_Offset (see above)
 |  |  |  
 |  |  +- serial_command_send_return
 |  |  |  | 
 |  |  |  +- EndPoint_IN          (see above)
 |  |  |     
 |  |  +- SCI_Close           
 |  |  |    
 |  |  +- SCI_SendBuffer      
 |  |  |  | 
 |  |  |  +- SCI_Transmit        
 |  |  |       
 |  |  +- SCI_Init            
 |  |  |    
 |  |  +- t_serial_init       
 |  |       
 |  +- serial_send_data_if_pending
 |  |  | 
 |  |  +- SCI_CharReady       
 |  |  |    
 |  |  +- SCI_GetChar         
 |  |  |  | 
 |  |  |  +- SCI_save_and_disable_interrupt_settings
 |  |  |  |    
 |  |  |  +- SCI_restore_interrupt_settings
 |  |  |       
 |  |  +- SCI_GetOverflowStatus
 |  |  |    
 |  |  +- serial_command_send_return (see above)
 |  |     
 |  +- CheckTargetPower    
 |     | 
 |     +- tPower_Good          (see above)
 |        
 +- _Startup            
    | 
    +- Init                
    |  | 
    |  +- loadByte            
    |       
    +- main                 (see above)
       
 _UserEntry          
 | 
 +- _Startup             (see above)
    
 _Usr_Vector         
 | 
 +- VPP_ISR             
 |    
 +- Dummy_ISR           
 |    
 +- SCI_ReceiveISR      
 |  | 
 |  +- SCI_get_pending_chars_during_an_interrupt
 |       
 +- SCI_OverrunISR      
 |    
 +- USB_ISR             
 |  | 
 |  +- SCI_get_pending_chars_during_an_interrupt (see above)
 |  |  
 |  +- USB_WakeFrom_Suspend (see above)
 |  |  
 |  +- USB_Bus_Reset_Handler
 |  |  | 
 |  |  +- Clear_Mem           
 |  |  |    
 |  |  +- USB_Prepare_Next_Trf
 |  |       
 |  +- USB_SOF_Handler     
 |  |    
 |  +- USB_Stall_Handler   
 |  |  | 
 |  |  +- USB_Prepare_Next_Trf (see above)
 |  |     
 |  +- USB_Error_Handler   
 |  |  | 
 |  |  +- USB_Prepare_Next_Trf (see above)
 |  |     
 |  +- USB_Transaction_Handler
 |     | 
 |     +- SCI_get_pending_chars_during_an_interrupt (see above)
 |     |  
 |     +- USB_CtrlTrf_SetupStage_Processing
 |     |  | 
 |     |  +- USB_StdReq_Handler  
 |     |  |  | 
 |     |  |  +- _Jump_Table_Header_Offset (see above)
 |     |  |  |  
 |     |  |  +- USB_StdGetDsc_Handler
 |     |  |  |  | 
 |     |  |  |  +- _Jump_Table_Header_Offset (see above)
 |     |  |  |     
 |     |  |  +- USB_StdSetCfg_Handler
 |     |  |  |  | 
 |     |  |  |  +- Clear_Mem            (see above)
 |     |  |  |  |  
 |     |  |  |  +- Endpoint_Init       
 |     |  |  |       
 |     |  |  +- USB_StdGetStatus_Handler
 |     |  |  |  | 
 |     |  |  |  +- _Jump_Table_Header_Offset (see above)
 |     |  |  |     
 |     |  |  +- USB_StdFeatureReq_Handler
 |     |  |     | 
 |     |  |     +- _Jump_Table_Header_Offset (see above)
 |     |  |        
 |     |  +- USB_CtrlEP_SetupStage_Complete
 |     |     | 
 |     |     +- USB_CtrlTrf_TxData  
 |     |          
 |     +- USB_CtrlTrf_Out_Handler
 |     |  | 
 |     |  +- USB_CtrlTrf_RxData  
 |     |  |    
 |     |  +- USB_Prepare_Next_Trf (see above)
 |     |     
 |     +- USB_CtrlTrf_In_Handler
 |     |  | 
 |     |  +- USB_CtrlTrf_TxData   (see above)
 |     |  |  
 |     |  +- USB_Prepare_Next_Trf (see above)
 |     |     
 |     +- EndPoint_OUT        
 |        | 
 |        +- SCI_get_pending_chars_during_an_interrupt (see above)
 |        |  
 |        +- _Jump_Table_Header_Offset (see above)
 |        |  
 |        +- USB_Buf_Rdy          (see above)
 |           
 +- IRQ_ISR             
      
 _Entry              
 | 
 +- bootloader_dly_20us 
 |    
 +* _UserEntry           (see above)
 |  
 +- Bootloader_Main     
    | 
    +- Init_USB            
    |    
    +- FLASHPGM_Copy       
    |    
    +- ICP_Setup_Handler   
    |  | 
    |  +- Flash_Erase         
    |  |    
    |  +- ICP_USB_End_Service 
    |     | 
    |     +- ICP_USB_TX_Service  
    |          
    +- ICP_Out_Handler     
    |  | 
    |  +- Flash_Program       
    |  |    
    |  +- Flash_Verification  
    |  |    
    |  +- ICP_USB_Wait        
    |       
    +- ICP_In_Handler      
       | 
       +- ICP_USB_TX_Service   (see above)
       |  
       +- ICP_USB_Wait         (see above)
          
*********************************************************************************************
STATISTIC SECTION
---------------------------------------------------------------------------------------------

ExeFile:
--------
Number of blocks to be downloaded: 11
Total size of all blocks to be downloaded: 38090

