
PROGRAM "C:\Products\osbdm\osbdm_pemicro\osbdm-sw\osbdm-JM60\bin\kinetis\osbdm-jm60_kinetis.abs"

*********************************************************************************************
TARGET SECTION
---------------------------------------------------------------------------------------------
Processor   : Freescale HC08
Memory Model: SMALL
File Format : ELF\DWARF 2.0
Linker      : SmartLinker V-5.0.37 Build 9279, Oct  7 2009

*********************************************************************************************
FILE SECTION
---------------------------------------------------------------------------------------------
RTSHC08.C.o (ansiis.lib)                Model: SMALL,         Lang: ANSI-C
Start08.c.o                             Model: SMALL,         Lang: ANSI-C
serial_io.c.o                           Model: SMALL,         Lang: ANSI-C
cmd_processing.c.o                      Model: SMALL,         Lang: ANSI-C
MCU.c.o                                 Model: SMALL,         Lang: ANSI-C
USB_User_API.c.o                        Model: SMALL,         Lang: ANSI-C
timer.c.o                               Model: SMALL,         Lang: ANSI-C
main.c.o                                Model: SMALL,         Lang: ANSI-C
mc9s08jm60.c.o                          Model: SMALL,         Lang: ANSI-C
util.c.o                                Model: SMALL,         Lang: ANSI-C
dummy_bdm_driver.c.o                    Model: SMALL,         Lang: ANSI-C
Usb_Descriptor.c.o                      Model: SMALL,         Lang: ANSI-C
Usb_Drv.c.o                             Model: SMALL,         Lang: ANSI-C
D:\Profiles\Freescale\JM60 samples\boot loader\boot loader win-usb_02\JM60_Bootloader-winusblib\JM60_Bootloader-winusb_02_Data\Library\ObjectCode\Bootloader.c.o (bootloaderv0_3.lib)Model: SMALL,         Lang: ANSI-C
D:\Profiles\Freescale\JM60 samples\boot loader\boot loader win-usb_02\JM60_Bootloader-winusblib\JM60_Bootloader-winusb_02_Data\Library\ObjectCode\ICP_Flash.c.o (bootloaderv0_3.lib)Model: SMALL,         Lang: ANSI-C
D:\Profiles\Freescale\JM60 samples\boot loader\boot loader win-usb_02\JM60_Bootloader-winusblib\JM60_Bootloader-winusb_02_Data\Library\ObjectCode\ICP_Desc.c.o (bootloaderv0_3.lib)Model: SMALL,         Lang: ANSI-C
Usb_Ep0_Handler.c.o                     Model: SMALL,         Lang: ANSI-C
jtag_kinetis.c.o                        Model: SMALL,         Lang: ANSI-C
board_id.c.o                            Model: SMALL,         Lang: ANSI-C

*********************************************************************************************
STARTUP SECTION
---------------------------------------------------------------------------------------------
Entry point: 0x19E2 (_Startup)
_startupData is allocated at 0x19EC and uses 6 Bytes
extern struct _tagStartup {
  unsigned nofZeroOut     1
  _Range   pZeroOut       0x100     706
  _Copy    *toCopyDownBeg 0x53BB
} _startupData;

*********************************************************************************************
SECTION-ALLOCATION SECTION
Section Name                    Size  Type     From       To       Segment
---------------------------------------------------------------------------------------------
.data                             30   R/W      0x100      0x11D   RAM
.init                            140     R     0x1960     0x19EB   ROM
.startData                        18     R     0x19EC     0x19FD   ROM
.rodata                          263     R     0x19FE     0x1B04   ROM
.text                          14518     R     0x1B05     0x53BA   ROM
.copy                             36     R     0x53BB     0x53DE   ROM
Bootloader_ROM                   942     R     0xFC00     0xFFAD   Bootloader
.abs_section_18a0                 64   N/I     0x18A0     0x18DF   .absSeg0
.abs_section_18e0                 64   N/I     0x18E0     0x191F   .absSeg1
.abs_section_1920                 32   N/I     0x1920     0x193F   .absSeg2
.abs_section_1940                 32   N/I     0x1940     0x195F   .absSeg3
.abs_section_ffbf                  1     R     0xFFBF     0xFFBF   .absSeg4
.abs_section_ffbd                  1     R     0xFFBD     0xFFBD   .absSeg5
.abs_section_fabc                  4     R     0xFABC     0xFABF   .absSeg6
.abs_section_fbc4                 58     R     0xFBC4     0xFBFD   .absSeg7
.abs_section_0                     1   N/I        0x0        0x0   .absSeg8
.abs_section_1                     1   N/I        0x1        0x1   .absSeg9
.abs_section_2                     1   N/I        0x2        0x2   .absSeg10
.abs_section_3                     1   N/I        0x3        0x3   .absSeg11
.abs_section_4                     1   N/I        0x4        0x4   .absSeg12
.abs_section_5                     1   N/I        0x5        0x5   .absSeg13
.abs_section_6                     1   N/I        0x6        0x6   .absSeg14
.abs_section_7                     1   N/I        0x7        0x7   .absSeg15
.abs_section_8                     1   N/I        0x8        0x8   .absSeg16
.abs_section_9                     1   N/I        0x9        0x9   .absSeg17
.abs_section_a                     1   N/I        0xA        0xA   .absSeg18
.abs_section_b                     1   N/I        0xB        0xB   .absSeg19
.abs_section_c                     1   N/I        0xC        0xC   .absSeg20
.abs_section_d                     1   N/I        0xD        0xD   .absSeg21
.abs_section_e                     1   N/I        0xE        0xE   .absSeg22
.abs_section_10                    1   N/I       0x10       0x10   .absSeg23
.abs_section_11                    1   N/I       0x11       0x11   .absSeg24
.abs_section_16                    1   N/I       0x16       0x16   .absSeg25
.abs_section_17                    1   N/I       0x17       0x17   .absSeg26
.abs_section_18                    1   N/I       0x18       0x18   .absSeg27
.abs_section_1b                    1   N/I       0x1B       0x1B   .absSeg28
.abs_section_1c                    1   N/I       0x1C       0x1C   .absSeg29
.abs_section_1d                    1   N/I       0x1D       0x1D   .absSeg30
.abs_section_1e                    1   N/I       0x1E       0x1E   .absSeg31
.abs_section_20                    1   N/I       0x20       0x20   .absSeg32
.abs_section_25                    1   N/I       0x25       0x25   .absSeg33
.abs_section_28                    1   N/I       0x28       0x28   .absSeg34
.abs_section_2b                    1   N/I       0x2B       0x2B   .absSeg35
.abs_section_2e                    1   N/I       0x2E       0x2E   .absSeg36
.abs_section_31                    1   N/I       0x31       0x31   .absSeg37
.abs_section_34                    1   N/I       0x34       0x34   .absSeg38
.abs_section_3a                    1   N/I       0x3A       0x3A   .absSeg39
.abs_section_3b                    1   N/I       0x3B       0x3B   .absSeg40
.abs_section_3c                    1   N/I       0x3C       0x3C   .absSeg41
.abs_section_3d                    1   N/I       0x3D       0x3D   .absSeg42
.abs_section_3e                    1   N/I       0x3E       0x3E   .absSeg43
.abs_section_3f                    1   N/I       0x3F       0x3F   .absSeg44
.abs_section_42                    1   N/I       0x42       0x42   .absSeg45
.abs_section_43                    1   N/I       0x43       0x43   .absSeg46
.abs_section_44                    1   N/I       0x44       0x44   .absSeg47
.abs_section_45                    1   N/I       0x45       0x45   .absSeg48
.abs_section_46                    1   N/I       0x46       0x46   .absSeg49
.abs_section_47                    1   N/I       0x47       0x47   .absSeg50
.abs_section_48                    1   N/I       0x48       0x48   .absSeg51
.abs_section_49                    1   N/I       0x49       0x49   .absSeg52
.abs_section_4a                    1   N/I       0x4A       0x4A   .absSeg53
.abs_section_4b                    1   N/I       0x4B       0x4B   .absSeg54
.abs_section_4c                    1   N/I       0x4C       0x4C   .absSeg55
.abs_section_50                    1   N/I       0x50       0x50   .absSeg56
.abs_section_51                    1   N/I       0x51       0x51   .absSeg57
.abs_section_52                    1   N/I       0x52       0x52   .absSeg58
.abs_section_53                    1   N/I       0x53       0x53   .absSeg59
.abs_section_58                    1   N/I       0x58       0x58   .absSeg60
.abs_section_59                    1   N/I       0x59       0x59   .absSeg61
.abs_section_5a                    1   N/I       0x5A       0x5A   .absSeg62
.abs_section_5b                    1   N/I       0x5B       0x5B   .absSeg63
.abs_section_5c                    1   N/I       0x5C       0x5C   .absSeg64
.abs_section_5d                    1   N/I       0x5D       0x5D   .absSeg65
.abs_section_60                    1   N/I       0x60       0x60   .absSeg66
.abs_section_65                    1   N/I       0x65       0x65   .absSeg67
.abs_section_68                    1   N/I       0x68       0x68   .absSeg68
.abs_section_6c                    1   N/I       0x6C       0x6C   .absSeg69
.abs_section_6d                    1   N/I       0x6D       0x6D   .absSeg70
.abs_section_6e                    1   N/I       0x6E       0x6E   .absSeg71
.abs_section_70                    1   N/I       0x70       0x70   .absSeg72
.abs_section_71                    1   N/I       0x71       0x71   .absSeg73
.abs_section_72                    1   N/I       0x72       0x72   .absSeg74
.abs_section_73                    1   N/I       0x73       0x73   .absSeg75
.abs_section_80                    1   N/I       0x80       0x80   .absSeg76
.abs_section_88                    1   N/I       0x88       0x88   .absSeg77
.abs_section_89                    1   N/I       0x89       0x89   .absSeg78
.abs_section_8a                    1   N/I       0x8A       0x8A   .absSeg79
.abs_section_90                    1   N/I       0x90       0x90   .absSeg80
.abs_section_91                    1   N/I       0x91       0x91   .absSeg81
.abs_section_92                    1   N/I       0x92       0x92   .absSeg82
.abs_section_93                    1   N/I       0x93       0x93   .absSeg83
.abs_section_94                    1   N/I       0x94       0x94   .absSeg84
.abs_section_95                    1   N/I       0x95       0x95   .absSeg85
.abs_section_96                    1   N/I       0x96       0x96   .absSeg86
.abs_section_97                    1   N/I       0x97       0x97   .absSeg87
.abs_section_98                    1   N/I       0x98       0x98   .absSeg88
.abs_section_9d                    1   N/I       0x9D       0x9D   .absSeg89
.abs_section_9e                    1   N/I       0x9E       0x9E   .absSeg90
.abs_section_9f                    1   N/I       0x9F       0x9F   .absSeg91
.abs_section_a0                    1   N/I       0xA0       0xA0   .absSeg92
.abs_section_a1                    1   N/I       0xA1       0xA1   .absSeg93
.abs_section_a2                    1   N/I       0xA2       0xA2   .absSeg94
.abs_section_a3                    1   N/I       0xA3       0xA3   .absSeg95
.abs_section_1800                  1   N/I     0x1800     0x1800   .absSeg96
.abs_section_1801                  1   N/I     0x1801     0x1801   .absSeg97
.abs_section_1802                  1   N/I     0x1802     0x1802   .absSeg98
.abs_section_1803                  1   N/I     0x1803     0x1803   .absSeg99
.abs_section_1809                  1   N/I     0x1809     0x1809   .absSeg100
.abs_section_180a                  1   N/I     0x180A     0x180A   .absSeg101
.abs_section_1816                  1   N/I     0x1816     0x1816   .absSeg102
.abs_section_1817                  1   N/I     0x1817     0x1817   .absSeg103
.abs_section_1818                  1   N/I     0x1818     0x1818   .absSeg104
.abs_section_1820                  1   N/I     0x1820     0x1820   .absSeg105
.abs_section_1821                  1   N/I     0x1821     0x1821   .absSeg106
.abs_section_1823                  1   N/I     0x1823     0x1823   .absSeg107
.abs_section_1824                  1   N/I     0x1824     0x1824   .absSeg108
.abs_section_1825                  1   N/I     0x1825     0x1825   .absSeg109
.abs_section_1826                  1   N/I     0x1826     0x1826   .absSeg110
.abs_section_1840                  1   N/I     0x1840     0x1840   .absSeg111
.abs_section_1841                  1   N/I     0x1841     0x1841   .absSeg112
.abs_section_1842                  1   N/I     0x1842     0x1842   .absSeg113
.abs_section_1844                  1   N/I     0x1844     0x1844   .absSeg114
.abs_section_1845                  1   N/I     0x1845     0x1845   .absSeg115
.abs_section_1846                  1   N/I     0x1846     0x1846   .absSeg116
.abs_section_1848                  1   N/I     0x1848     0x1848   .absSeg117
.abs_section_1849                  1   N/I     0x1849     0x1849   .absSeg118
.abs_section_184a                  1   N/I     0x184A     0x184A   .absSeg119
.abs_section_184c                  1   N/I     0x184C     0x184C   .absSeg120
.abs_section_184d                  1   N/I     0x184D     0x184D   .absSeg121
.abs_section_184e                  1   N/I     0x184E     0x184E   .absSeg122
.abs_section_1850                  1   N/I     0x1850     0x1850   .absSeg123
.abs_section_1851                  1   N/I     0x1851     0x1851   .absSeg124
.abs_section_1852                  1   N/I     0x1852     0x1852   .absSeg125
.abs_section_1854                  1   N/I     0x1854     0x1854   .absSeg126
.abs_section_1855                  1   N/I     0x1855     0x1855   .absSeg127
.abs_section_1856                  1   N/I     0x1856     0x1856   .absSeg128
.abs_section_1858                  1   N/I     0x1858     0x1858   .absSeg129
.abs_section_1859                  1   N/I     0x1859     0x1859   .absSeg130
.abs_section_185a                  1   N/I     0x185A     0x185A   .absSeg131
.abs_section_12                    2   N/I       0x12       0x13   .absSeg132
.abs_section_14                    2   N/I       0x14       0x15   .absSeg133
.abs_section_21                    2   N/I       0x21       0x22   .absSeg134
.abs_section_23                    2   N/I       0x23       0x24   .absSeg135
.abs_section_26                    2   N/I       0x26       0x27   .absSeg136
.abs_section_29                    2   N/I       0x29       0x2A   .absSeg137
.abs_section_2c                    2   N/I       0x2C       0x2D   .absSeg138
.abs_section_2f                    2   N/I       0x2F       0x30   .absSeg139
.abs_section_32                    2   N/I       0x32       0x33   .absSeg140
.abs_section_35                    2   N/I       0x35       0x36   .absSeg141
.abs_section_38                    2   N/I       0x38       0x39   .absSeg142
.abs_section_40                    2   N/I       0x40       0x41   .absSeg143
.abs_section_54                    2   N/I       0x54       0x55   .absSeg144
.abs_section_56                    2   N/I       0x56       0x57   .absSeg145
.abs_section_61                    2   N/I       0x61       0x62   .absSeg146
.abs_section_63                    2   N/I       0x63       0x64   .absSeg147
.abs_section_66                    2   N/I       0x66       0x67   .absSeg148
.abs_section_69                    2   N/I       0x69       0x6A   .absSeg149
.abs_section_74                    2   N/I       0x74       0x75   .absSeg150
.abs_section_76                    2   N/I       0x76       0x77   .absSeg151
.abs_section_1806                  2   N/I     0x1806     0x1807   .absSeg152
.abs_section_1810                  2   N/I     0x1810     0x1811   .absSeg153
.abs_section_1812                  2   N/I     0x1812     0x1813   .absSeg154
.abs_section_1814                  2   N/I     0x1814     0x1815   .absSeg155
.abs_section_fffa                  1   N/I     0xFFFA     0xFFFA   .absSeg156
.abs_section_fffb                  1   N/I     0xFFFB     0xFFFB   .absSeg157
.abs_section_fffc                  1   N/I     0xFFFC     0xFFFC   .absSeg158
.abs_section_fffd                  1   N/I     0xFFFD     0xFFFD   .absSeg159
.abs_section_1860                  6   N/I     0x1860     0x1865   .absSeg172
.abs_section_1880                  1   N/I     0x1880     0x1880   .absSeg173
.abs_section_1890                  8   N/I     0x1890     0x1897   .absSeg174
.abs_section_b0                    1   N/I       0xB0       0xB0   .absSeg163
.abs_section_b1                    1   N/I       0xB1       0xB1   .absSeg164
.abs_section_b2                    2   N/I       0xB2       0xB3   .absSeg165
.abs_section_b4                    2   N/I       0xB4       0xB5   .absSeg166
.abs_section_b6                    1   N/I       0xB6       0xB6   .absSeg167
.abs_section_b7                    1   N/I       0xB7       0xB7   .absSeg168
.abs_section_b8                    2   N/I       0xB8       0xB9   .absSeg169
.abs_section_ba                    1   N/I       0xBA       0xBA   .absSeg170
.abs_section_bb                    2   N/I       0xBB       0xBC   .absSeg171
.bss                             137   R/W      0x11E      0x1A6   RAM
.common                          539   R/W      0x1A7      0x3C1   RAM
.stack                           512   R/W      0x3C2      0x5C1   RAM
.vectSeg175_vect                   2     R     0xFFFE     0xFFFF   .vectSeg175

Summary of section sizes per section type:
READ_ONLY (R):        3E6F (dec:    15983)
READ_WRITE (R/W):      4C2 (dec:     1218)
NO_INIT (N/I):         18C (dec:      396)

*********************************************************************************************
VECTOR-ALLOCATION SECTION
    Address     InitValue   InitFunction
---------------------------------------------------------------------------------------------
     0xFFFE        0xFC00   _Entry

*********************************************************************************************
OBJECT-ALLOCATION SECTION
     Name               Module                 Addr   hSize   dSize     Ref    Section   RLIB
---------------------------------------------------------------------------------------------
MODULE:                 -- RTSHC08.C.o (ansiis.lib) --
- PROCEDURES:
     _PUSH_ARGS_L                              1B05      20      32       2   .text       
     _ENTER_UNARY_L                            1B25      29      41       4   .text       
     _ENTER_BINARY_L                           1B4E      16      22       4   .text       
     _ENTER_BINARY_L_RC                        1B64      19      25       5   .text       
     _LADD_k_is_k_plus_j                       1B7D      1F      31       2   .text       
     _LSUB_k_is_k_minus_j                      1B9C      1F      31       2   .text       
     _LAND_k_is_k_and_j                        1BBB      1F      31       1   .text       
     _LOR_k_is_k_or_j                          1BDA      1F      31       2   .text       
     _LCMP_k_rel_j                             1BF9      1F      31       2   .text       
     _IMUL_STAR08                              1C18      27      39       5   .text       
     _ILSR                                     1C3F       C      12       2   .text       
     _ILSL                                     1C4B       C      12       3   .text       
     _LINC                                     1C57      16      22      20   .text       
     _LDEC                                     1C6D      1C      28       2   .text       
     _LADD                                     1C89       6       6      25   .text       
     _LADD_RC                                  1C8F       6       6       1   .text       
     _LSUB                                     1C95       6       6       2   .text       
     _LSUB_RC                                  1C9B       6       6       4   .text       
     _LAND_RC                                  1CA1       6       6      34   .text       
     _LOR                                      1CA7       6       6      24   .text       
     _LOR_RC                                   1CAD       6       6      22   .text       
     _LLSR                                     1CB3      16      22      20   .text       
     _LLSL                                     1CC9      16      22      37   .text       
     _LCMP                                     1CDF       6       6       4   .text       
     _LCMP_RC                                  1CE5       6       6      14   .text       
     _COPY                                     1CEB      30      48       4   .text       
     _POP32                                    1D1B      1A      26      76   .text       
     _SEXT16_32                                1D35       D      13       3   .text       
     _Jump_Table_Addr                          1D42      16      22       5   .text       
     _Jump_Table_Offset                        1D58      19      25       2   .text       
     _Jump_Table_Header_Addr                   1D71      2F      47       4   .text       
     _Jump_Table_Header_Offset                 1DA0      24      36       8   .text       
     _Search_Table_8_Addr                      1DC4      21      33       2   .text       
     _PUSH_CC                                  1DE5       F      15       4   .text       
     _POP_CC                                   1DF4       F      15       4   .text       
- VARIABLES:
MODULE:                 -- Start08.c.o --
- PROCEDURES:
     loadByte                                  1960       E      14       5   .init       
     Init                                      196E      74     116       1   .init       
     _Startup                                  19E2       A      10       1   .init       
- VARIABLES:
     _startupData                              19EC       6       6       4   .startData  
- LABELS:
     __SEG_END_SSTACK                           5C2       0       0       1               
MODULE:                 -- serial_io.c.o --
- PROCEDURES:
     SCI_Init                                  1E03      2A      42       1   .text       
     SCI_Close                                 1E2D      10      16       1   .text       
     SCI_save_and_disable_interrupt_settings       1E3D       E      14       1   .text       
     SCI_restore_interrupt_settings            1E4B       E      14       1   .text       
     SCI_Transmit                              1E59       E      14       1   .text       
     SCI_SendBuffer                            1E67      24      36       1   .text       
     SCI_get_pending_chars_during_an_interrupt       1E8B      46      70       6   .text       
     SCI_ReceiveISR                            1ED1       6       6       1   .text       
     SCI_OverrunISR                            1ED7      19      25       1   .text       
     SCI_GetOverflowStatus                     1EF0       E      14       1   .text       
     SCI_CharReady                             1EFE       E      14       2   .text       
     SCI_GetChar                               1F0C      29      41       1   .text       
- VARIABLES:
     sci_rx_sptr                                11E       1       1       8   .bss        
     sci_rx_eptr                                11F       1       1       8   .bss        
     sci_virtual_serial_port_is_enabled         120       1       1       4   .bss        
     sci_rx_buf                                 1A7     100     256       2   .common     
     sci_rx_overflow_occured                    2A7       1       1       6   .common     
     sci_remember_SCI1C2_REI                    2A8       1       1       3   .common     
     temp_sci_stat                              2A9       1       1       3   .common     
     temp_sci_data                              2AA       1       1       2   .common     
MODULE:                 -- cmd_processing.c.o --
- PROCEDURES:
     get_mem_header                            1F35      37      55       3   .text       
     debug_command_send_return                 1F6C       C      12       1   .text       
     serial_command_send_return                1F78       C      12       2   .text       
     debug_command_exec                        1F84     6BB    1723      90   .text       
     serial_command_exec                       263F      5D      93       1   .text       
     serial_send_data_if_pending               269C      50      80       1   .text       
- VARIABLES:
     tCable_Status                              2AB       1       1       1   .common     
     uCmd                                       2AC       1       1      26   .common     
     uType                                      2AD       1       1      14   .common     
     uAddr                                      2AE       4       4      43   .common     
     uWidth                                     2B2       1       1      16   .common     
     uLen                                       2B3       4       4       5   .common     
     debug_cmd_pending                          2B7       1       1       4   .common     
     serial_cmd_pending                         2B8       1       1       4   .common     
MODULE:                 -- MCU.c.o --
- PROCEDURES:
     Mcu_Init                                  26EC      6E     110       1   .text       
     MCG_Init                                  275A      22      34       1   .text       
     bdm_vsw_en                                277C       D      13       1   .text       
     bdm_vtrg_en                               2789      23      35       1   .text       
     tPower_Good                               27AC      12      18       3   .text       
     CheckTargetPower                          27BE       D      13       1   .text       
- VARIABLES:
     FP_Stat                                    2B9       1       1       1   .common     
     VPP_Stat                                   2BA       1       1       1   .common     
MODULE:                 -- USB_User_API.c.o --
- PROCEDURES:
     Endpoint_Init                             27CB      39      57       1   .text       
     EndPoint_IN                               2804      92     146       2   .text       
     EndPoint_OUT                              2896      D3     211       2   .text       
- VARIABLES:
     EP1_BDT_Buffer                            18A0      40      64       2   .abs_section_18a0
     EP2_BDT_Buffer                            18E0      40      64       2   .abs_section_18e0
     EP3_BDT_Buffer                            1920      20      32       2   .abs_section_1920
     EP4_BDT_Buffer                            1940      20      32       2   .abs_section_1940
     EP1_Buffer                                 2BB      40      64      25   .common     
     EP2_Buffer                                 2FB      40      64      13   .common     
     EP3_Buffer                                 33B      20      32       9   .common     
     EP4_Buffer                                 35B      20      32       5   .common     
MODULE:                 -- timer.c.o --
- PROCEDURES:
     wait_ms                                   2969      3A      58       5   .text       
- VARIABLES:
MODULE:                 -- main.c.o --
- PROCEDURES:
     main                                      29A3      4D      77       1   .text       
     Dummy_ISR                                 29F0       3       3      24   .text       
     _Entry                                    FC00      32      50       0   Bootloader_ROM
     bootloader_dly_20us                       FC32       8       8       2   Bootloader_ROM
- VARIABLES:
     NVOPT_INIT                                FFBF       1       1       0   .abs_section_ffbf
     NVPROT_INIT                               FFBD       1       1       0   .abs_section_ffbd
     _UserEntry                                FABC       4       4       1   .abs_section_fabc
     _Usr_Vector                               FBC4      3A      58       0   .abs_section_fbc4
MODULE:                 -- mc9s08jm60.c.o --
- PROCEDURES:
- VARIABLES:
     _PTAD                                        0       1       1       0   .abs_section_0
     _PTADD                                       1       1       1       0   .abs_section_1
     _PTBD                                        2       1       1      13   .abs_section_2
     _PTBDD                                       3       1       1       5   .abs_section_3
     _PTCD                                        4       1       1       6   .abs_section_4
     _PTCDD                                       5       1       1       5   .abs_section_5
     _PTDD                                        6       1       1       5   .abs_section_6
     _PTDDD                                       7       1       1       1   .abs_section_7
     _PTED                                        8       1       1      26   .abs_section_8
     _PTEDD                                       9       1       1       3   .abs_section_9
     _PTFD                                        A       1       1       1   .abs_section_a
     _PTFDD                                       B       1       1       1   .abs_section_b
     _PTGD                                        C       1       1       3   .abs_section_c
     _PTGDD                                       D       1       1       2   .abs_section_d
     _ACMPSC                                      E       1       1       0   .abs_section_e
     _ADCSC1                                     10       1       1       8   .abs_section_10
     _ADCSC2                                     11       1       1       1   .abs_section_11
     _ADCCFG                                     16       1       1       2   .abs_section_16
     _APCTL1                                     17       1       1       1   .abs_section_17
     _APCTL2                                     18       1       1       1   .abs_section_18
     _IRQSC                                      1B       1       1       2   .abs_section_1b
     _KBISC                                      1C       1       1       0   .abs_section_1c
     _KBIPE                                      1D       1       1       0   .abs_section_1d
     _KBIES                                      1E       1       1       0   .abs_section_1e
     _TPM1SC                                     20       1       1       1   .abs_section_20
     _TPM1C0SC                                   25       1       1       1   .abs_section_25
     _TPM1C1SC                                   28       1       1       2   .abs_section_28
     _TPM1C2SC                                   2B       1       1       2   .abs_section_2b
     _TPM1C3SC                                   2E       1       1       2   .abs_section_2e
     _TPM1C4SC                                   31       1       1       0   .abs_section_31
     _TPM1C5SC                                   34       1       1       0   .abs_section_34
     _SCI1C1                                     3A       1       1       1   .abs_section_3a
     _SCI1C2                                     3B       1       1       7   .abs_section_3b
     _SCI1S1                                     3C       1       1       4   .abs_section_3c
     _SCI1S2                                     3D       1       1       0   .abs_section_3d
     _SCI1C3                                     3E       1       1       1   .abs_section_3e
     _SCI1D                                      3F       1       1       3   .abs_section_3f
     _SCI2C1                                     42       1       1       0   .abs_section_42
     _SCI2C2                                     43       1       1       0   .abs_section_43
     _SCI2S1                                     44       1       1       0   .abs_section_44
     _SCI2S2                                     45       1       1       0   .abs_section_45
     _SCI2C3                                     46       1       1       0   .abs_section_46
     _SCI2D                                      47       1       1       0   .abs_section_47
     _MCGC1                                      48       1       1       4   .abs_section_48
     _MCGC2                                      49       1       1       2   .abs_section_49
     _MCGTRM                                     4A       1       1       0   .abs_section_4a
     _MCGSC                                      4B       1       1       6   .abs_section_4b
     _MCGC3                                      4C       1       1       2   .abs_section_4c
     _SPI1C1                                     50       1       1       1   .abs_section_50
     _SPI1C2                                     51       1       1       1   .abs_section_51
     _SPI1BR                                     52       1       1       1   .abs_section_52
     _SPI1S                                      53       1       1       0   .abs_section_53
     _IICA                                       58       1       1       0   .abs_section_58
     _IICF                                       59       1       1       0   .abs_section_59
     _IICC1                                      5A       1       1       0   .abs_section_5a
     _IICS                                       5B       1       1       0   .abs_section_5b
     _IICD                                       5C       1       1       0   .abs_section_5c
     _IICC2                                      5D       1       1       0   .abs_section_5d
     _TPM2SC                                     60       1       1       2   .abs_section_60
     _TPM2C0SC                                   65       1       1       1   .abs_section_65
     _TPM2C1SC                                   68       1       1       1   .abs_section_68
     _RTCSC                                      6C       1       1       0   .abs_section_6c
     _RTCCNT                                     6D       1       1       0   .abs_section_6d
     _RTCMOD                                     6E       1       1       0   .abs_section_6e
     _SPI2C1                                     70       1       1       0   .abs_section_70
     _SPI2C2                                     71       1       1       0   .abs_section_71
     _SPI2BR                                     72       1       1       0   .abs_section_72
     _SPI2S                                      73       1       1       0   .abs_section_73
     _USBCTL0                                    80       1       1      13   .abs_section_80
     _PERID                                      88       1       1       0   .abs_section_88
     _IDCOMP                                     89       1       1       0   .abs_section_89
     _REV                                        8A       1       1       0   .abs_section_8a
     _INTSTAT                                    90       1       1      24   .abs_section_90
     _INTENB                                     91       1       1      13   .abs_section_91
     _ERRSTAT                                    92       1       1       4   .abs_section_92
     _ERRENB                                     93       1       1       2   .abs_section_93
     _STAT                                       94       1       1       4   .abs_section_94
     _CTL                                        95       1       1      11   .abs_section_95
     _ADDR                                       96       1       1       5   .abs_section_96
     _FRMNUML                                    97       1       1       0   .abs_section_97
     _FRMNUMH                                    98       1       1       0   .abs_section_98
     _EPCTL0                                     9D       1       1       7   .abs_section_9d
     _EPCTL1                                     9E       1       1       3   .abs_section_9e
     _EPCTL2                                     9F       1       1       1   .abs_section_9f
     _EPCTL3                                     A0       1       1       1   .abs_section_a0
     _EPCTL4                                     A1       1       1       1   .abs_section_a1
     _EPCTL5                                     A2       1       1       0   .abs_section_a2
     _EPCTL6                                     A3       1       1       0   .abs_section_a3
     _SRS                                      1800       1       1       2   .abs_section_1800
     _SBDFR                                    1801       1       1       0   .abs_section_1801
     _SOPT1                                    1802       1       1       2   .abs_section_1802
     _SOPT2                                    1803       1       1       0   .abs_section_1803
     _SPMSC1                                   1809       1       1       1   .abs_section_1809
     _SPMSC2                                   180A       1       1       0   .abs_section_180a
     _DBGC                                     1816       1       1       0   .abs_section_1816
     _DBGT                                     1817       1       1       0   .abs_section_1817
     _DBGS                                     1818       1       1       0   .abs_section_1818
     _FCDIV                                    1820       1       1       1   .abs_section_1820
     _FOPT                                     1821       1       1       0   .abs_section_1821
     _FCNFG                                    1823       1       1       0   .abs_section_1823
     _FPROT                                    1824       1       1       0   .abs_section_1824
     _FSTAT                                    1825       1       1       0   .abs_section_1825
     _FCMD                                     1826       1       1       0   .abs_section_1826
     _PTAPE                                    1840       1       1       0   .abs_section_1840
     _PTASE                                    1841       1       1       0   .abs_section_1841
     _PTADS                                    1842       1       1       0   .abs_section_1842
     _PTBPE                                    1844       1       1       1   .abs_section_1844
     _PTBSE                                    1845       1       1       0   .abs_section_1845
     _PTBDS                                    1846       1       1       0   .abs_section_1846
     _PTCPE                                    1848       1       1       3   .abs_section_1848
     _PTCSE                                    1849       1       1       0   .abs_section_1849
     _PTCDS                                    184A       1       1       0   .abs_section_184a
     _PTDPE                                    184C       1       1       0   .abs_section_184c
     _PTDSE                                    184D       1       1       0   .abs_section_184d
     _PTDDS                                    184E       1       1       0   .abs_section_184e
     _PTEPE                                    1850       1       1       0   .abs_section_1850
     _PTESE                                    1851       1       1       0   .abs_section_1851
     _PTEDS                                    1852       1       1       0   .abs_section_1852
     _PTFPE                                    1854       1       1       0   .abs_section_1854
     _PTFSE                                    1855       1       1       0   .abs_section_1855
     _PTFDS                                    1856       1       1       0   .abs_section_1856
     _PTGPE                                    1858       1       1       0   .abs_section_1858
     _PTGSE                                    1859       1       1       0   .abs_section_1859
     _PTGDS                                    185A       1       1       0   .abs_section_185a
     _ADCR                                       12       2       2       3   .abs_section_12
     _ADCCV                                      14       2       2       0   .abs_section_14
     _TPM1CNT                                    21       2       2       0   .abs_section_21
     _TPM1MOD                                    23       2       2       0   .abs_section_23
     _TPM1C0V                                    26       2       2       0   .abs_section_26
     _TPM1C1V                                    29       2       2       0   .abs_section_29
     _TPM1C2V                                    2C       2       2       0   .abs_section_2c
     _TPM1C3V                                    2F       2       2       0   .abs_section_2f
     _TPM1C4V                                    32       2       2       0   .abs_section_32
     _TPM1C5V                                    35       2       2       0   .abs_section_35
     _SCI1BD                                     38       2       2       1   .abs_section_38
     _SCI2BD                                     40       2       2       0   .abs_section_40
     _SPI1D16                                    54       2       2       0   .abs_section_54
     _SPI1M                                      56       2       2       0   .abs_section_56
     _TPM2CNT                                    61       2       2       0   .abs_section_61
     _TPM2MOD                                    63       2       2       0   .abs_section_63
     _TPM2C0V                                    66       2       2       0   .abs_section_66
     _TPM2C1V                                    69       2       2       0   .abs_section_69
     _SPI2D16                                    74       2       2       0   .abs_section_74
     _SPI2M                                      76       2       2       0   .abs_section_76
     _SDID                                     1806       2       2       0   .abs_section_1806
     _DBGCA                                    1810       2       2       0   .abs_section_1810
     _DBGCB                                    1812       2       2       0   .abs_section_1812
     _DBGF                                     1814       2       2       0   .abs_section_1814
MODULE:                 -- util.c.o --
- PROCEDURES:
     getbuf4                                   29F3      6B     107       4   .text       
     getbuf2little                             2A5E      25      37       1   .text       
- VARIABLES:
MODULE:                 -- dummy_bdm_driver.c.o --
- PROCEDURES:
     VPP_ISR                                   2A83       3       3       1   .text       
- VARIABLES:
MODULE:                 -- Usb_Descriptor.c.o --
- PROCEDURES:
- VARIABLES:
     Device_Dsc_No_Serial_Number               19FE      12      18       1   .rodata     
     Device_Dsc_With_Serial_Number             1A10      12      18       1   .rodata     
     Cfg_01                                    1A22      37      55       2   .rodata     
     sd000                                     1A59       4       4       1   .rodata     
     sd001                                     1A5D      38      56       1   .rodata     
     sd002                                     1A95      26      38       1   .rodata     
     sd003                                     1ABB      38      56       1   .rodata     
     OSSerialNum                                100      10      16       2   .data       
     Str_Des                                    110       A      10       1   .data       
     Cfg_Des                                    11A       4       4       1   .data       
     _Serial3                                  FFFA       1       1       3   .abs_section_fffa
     _Serial2                                  FFFB       1       1       3   .abs_section_fffb
     _Serial1                                  FFFC       1       1       3   .abs_section_fffc
     _Serial0                                  FFFD       1       1       3   .abs_section_fffd
MODULE:                 -- Usb_Drv.c.o --
- PROCEDURES:
     Initialize_USBModule                      2A86      32      50       1   .text       
     Check_USBBus_Status                       2AB8      2C      44       2   .text       
     USB_Suspend                               2AE4      1F      31       1   .text       
     USB_WakeFrom_Suspend                      2B03       7       7       2   .text       
     USB_Remote_Wakeup                         2B0A      28      40       1   .text       
     USB_SOF_Handler                           2B32       3       3       1   .text       
     USB_Stall_Handler                         2B35      11      17       1   .text       
     USB_Error_Handler                         2B46      12      18       1   .text       
     USB_Bus_Reset_Handler                     2B58      35      53       1   .text       
     USB_Buf_Rdy                               2B8D       B      11       2   .text       
     Clear_Mem                                 2B98      1E      30       3   .text       
     USB_ISR                                   2BB6      5E      94       1   .text       
     IRQ_ISR                                   2C14       5       5       1   .text       
     USB_WakeUp                                2C19      42      66       1   .text       
- VARIABLES:
     delay_count.1                              121       2       2       3   .bss        
     Bdtmap                                    1860      20      32      58   .abs_section_1860
     CtrlTrf_Data                              1880       8       8       8   .abs_section_1880
     Setup_Pkt                                 1890       8       8      27   .abs_section_1890
     Usb_Device_State                           37B       1       1      15   .common     
     Usb_Stat                                   37C       1       1       7   .common     
     Usb_Active_Cfg                             37D       1       1       4   .common     
     Usb_Alt_Intf                               37E       1       1       4   .common     
MODULE:                 -- D:\Profiles\Freescale\JM60 samples\boot loader\boot loader win-usb_02\JM60_Bootloader-winusblib\JM60_Bootloader-winusb_02_Data\Library\ObjectCode\Bootloader.c.o (bootloaderv0_3.lib) --
- PROCEDURES:
     ICP_USB_TX_Service                        FC3A      35      53       2   Bootloader_ROM
     ICP_USB_End_Service                       FC6F      44      68       1   Bootloader_ROM
     ICP_Setup_Handler                         FCB3      CD     205       1   Bootloader_ROM
     ICP_USB_Wait                              FD80      14      20       2   Bootloader_ROM
     ICP_In_Handler                            FD94      27      39       1   Bootloader_ROM
     ICP_Out_Handler                           FDBB      5D      93       1   Bootloader_ROM
     Init_USB                                  FE18      44      68       1   Bootloader_ROM
     Bootloader_Main                           FE5C      39      57       1   Bootloader_ROM
- VARIABLES:
     _ICP_VAR                                    B0       1       1      13   .abs_section_b0
     ICP_USB_State                               B1       1       1       6   .abs_section_b1
     pDataIN                                     B2       2       2       7   .abs_section_b2
     pDataBuf                                    B4       2       2       4   .abs_section_b4
     DataIN_Cnt                                  B6       1       1      10   .abs_section_b6
     vICPStatus                                  B7       1       1       5   .abs_section_b7
     vStartAddr                                  B8       2       2       3   .abs_section_b8
     vByteNumber                                 BA       1       1       3   .abs_section_ba
     check_sum                                   BB       2       2       7   .abs_section_bb
     ICP_BDT                                   1860       6       6      20   .abs_section_1860
     ICP_IN_Data                               1880       1       1       1   .abs_section_1880
     ICP_Setup                                 1890       8       8      14   .abs_section_1890
MODULE:                 -- D:\Profiles\Freescale\JM60 samples\boot loader\boot loader win-usb_02\JM60_Bootloader-winusblib\JM60_Bootloader-winusb_02_Data\Library\ObjectCode\ICP_Flash.c.o (bootloaderv0_3.lib) --
- PROCEDURES:
     Flash_Program                             FE95      31      49       1   Bootloader_ROM
     Flash_Verification                        FEC6      42      66       1   Bootloader_ROM
     Flash_Erase                               FF08      11      17       1   Bootloader_ROM
     FLASHPGM_Copy                             FF19      2D      45       1   Bootloader_ROM
- VARIABLES:
     FLASHPGM                                   37F      3B      59       7   .common     
MODULE:                 -- D:\Profiles\Freescale\JM60 samples\boot loader\boot loader win-usb_02\JM60_Bootloader-winusblib\JM60_Bootloader-winusb_02_Data\Library\ObjectCode\ICP_Desc.c.o (bootloaderv0_3.lib) --
- PROCEDURES:
- VARIABLES:
     ICP_DeviceDesc                            FF46      12      18       1   Bootloader_ROM
     ICP_ConfigDesc                            FF58      19      25       1   Bootloader_ROM
     ICP_StringDesc                            FF71       2       2       1   Bootloader_ROM
     FLASHPGM_ROM                              FF73      3B      59       1   Bootloader_ROM
MODULE:                 -- Usb_Ep0_Handler.c.o --
- PROCEDURES:
     USB_Transaction_Handler                   2C5B      64     100       1   .text       
     USB_CtrlTrf_Out_Handler                   2CBF      10      16       1   .text       
     USB_CtrlTrf_RxData                        2CCF      61      97       1   .text       
     USB_CtrlTrf_In_Handler                    2D30      2C      44       1   .text       
     USB_CtrlTrf_TxData                        2D5C      78     120       2   .text       
     USB_CtrlTrf_SetupStage_Processing         2DD4      12      18       1   .text       
     USB_CtrlEP_SetupStage_Complete            2DE6      7C     124       1   .text       
     USB_Prepare_Next_Trf                      2E62      17      23       5   .text       
     USB_StdReq_Handler                        2E79      81     129       1   .text       
     USB_StdGetDsc_Handler                     2EFA      CC     204       3   .text       
     USB_StdSetCfg_Handler                     2FC6      2E      46       1   .text       
     USB_StdGetStatus_Handler                  2FF4      7A     122       1   .text       
     USB_StdFeatureReq_Handler                 306E      D4     212       4   .text       
- VARIABLES:
     Ctrl_Trf_State                             3BA       1       1       7   .common     
     Ctrl_Trf_Session_Owner                     3BB       1       1      17   .common     
     pSrc                                       3BC       2       2      12   .common     
     pObj                                       3BE       2       2       5   .common     
     Transfer_Cnt                               3C0       2       2      19   .common     
MODULE:                 -- jtag_kinetis.c.o --
- PROCEDURES:
     jtag_startup                              3142      21      33       2   .text       
     t_assert_ta                               3163       1       1       1   .text       
     t_write_ad                                3164     1A5     421       5   .text       
     t_read_ad                                 3309      FF     255       3   .text       
     t_halt                                    3408      6B     107       1   .text       
     t_go                                      3473      1A      26       1   .text       
     t_step                                    348D      D3     211       2   .text       
     t_read_mem                                3560     320     800      16   .text       
     t_write_mem                               3880     33E     830      16   .text       
     t_fill_mem                                3BBE     2C7     711      20   .text       
     t_write_creg                              3E85       4       4       1   .text       
     t_read_creg                               3E89       4       4       1   .text       
     t_reset                                   3E8D     26A     618       3   .text       
     t_init                                    40F7       E      14       2   .text       
     t_debug_init                              4105      2B      43       1   .text       
     t_serial_init                             4130       7       7       1   .text       
     t_stat                                    4137       4       4       1   .text       
     t_get_ver                                 413B      29      41       1   .text       
     t_unsecure                                4164       3       3       1   .text       
     t_flash_power                             4167       4       4       2   .text       
     t_get_clock                               416B       A      10       1   .text       
     t_flash_prog                              4175       4       4       1   .text       
     t_write_dreg                              4179       4       4       1   .text       
     t_read_dreg                               417D       4       4       1   .text       
     t_set_clock                               4181       1       1       1   .text       
     xchng16                                   4182      57      87      17   .text       
     clear_reset                               41D9       5       5       1   .text       
     set_reset                                 41DE       5       5       3   .text       
     read_data_byte                            41E3     219     537       2   .text       
     read_data_word                            43FC     11F     287       1   .text       
     read_data_long                            451B      E0     224       7   .text       
     write_data_byte                           45FB     112     274       2   .text       
     write_data_word                           470D      F7     247       2   .text       
     write_data_long                           4804      D3     211      11   .text       
     remove_ACK_bits_from_35_exchange          48D7      44      68       2   .text       
     write_jtag_IR_register                    491B      46      70      10   .text       
     write_jtag_DR_register                    4961     1D0     464      16   .text       
     write_AP_register                         4B31     174     372      19   .text       
     read_AP_register                          4CA5     1CC     460      15   .text       
     t_special_feature                         4E71     4CC    1228      25   .text       
     t_config                                  533D       4       4       1   .text       
- VARIABLES:
     TARGET_TYPE                               1AF3       1       1       1   .rodata     
     FIRMWARE_TYPE                             1AF4       1       1       1   .rodata     
     osbdm_jtag_boardid                         123       1       1       1   .bss        
     output_buffer_enable_value                 124       1       1       4   .bss        
     tms_only_transaction_compression_array_tmsval        125      20      32       3   .bss        
     tms_only_transaction_compression_array_bitsval        145      10      16       2   .bss        
     tms_tdi_transaction_compression_array_tmsval        155      20      32       3   .bss        
     tms_tdi_transaction_compression_array_tdival        175      20      32       3   .bss        
     tms_tdi_transaction_compression_array_bitsval        195      10      16       2   .bss        
MODULE:                 -- board_id.c.o --
- PROCEDURES:
     read_board_id                             5341      3B      59       1   .text       
     read_osbdm_id                             537C      3F      63       1   .text       
- VARIABLES:
     adc_conv                                  1AF5      10      16       2   .rodata     
     board_id                                   1A5       1       1       3   .bss        
     osbdm_id                                   1A6       1       1       5   .bss        

*********************************************************************************************
MODULE STATISTIC
  Name                                      Data   Code  Const
---------------------------------------------------------------------------------------------
  RTSHC08.C.o (ansiis.lib)                     0    766      0
  Start08.c.o                                  0    140      0
  serial_io.c.o                              263    306      0
  cmd_processing.c.o                          14   1975      0
  MCU.c.o                                      2    223      0
  USB_User_API.c.o                           384    414      0
  timer.c.o                                    0     58      0
  main.c.o                                     0    138     64
  mc9s08jm60.c.o                             172      0      0
  util.c.o                                     0    144      0
  dummy_bdm_driver.c.o                         0      3      0
  Usb_Descriptor.c.o                          34      0    245
  Usb_Drv.c.o                                 54    469      0
  D:\Profiles\Freescale\JM60 samples\boot loader\boot loader win-usb_02\JM60_Bootloader-winusblib\JM60_Bootloader-winusb_02_Data\Library\ObjectCode\Bootloader.c.o (bootloaderv0_3.lib)    28    603      0
  D:\Profiles\Freescale\JM60 samples\boot loader\boot loader win-usb_02\JM60_Bootloader-winusblib\JM60_Bootloader-winusb_02_Data\Library\ObjectCode\ICP_Flash.c.o (bootloaderv0_3.lib)    59    177      0
  D:\Profiles\Freescale\JM60 samples\boot loader\boot loader win-usb_02\JM60_Bootloader-winusblib\JM60_Bootloader-winusb_02_Data\Library\ObjectCode\ICP_Desc.c.o (bootloaderv0_3.lib)     0    104      0
  Usb_Ep0_Handler.c.o                          8   1255      0
  jtag_kinetis.c.o                           130   8703      2
  board_id.c.o                                 2    122     16
  other                                      512     20     36

*********************************************************************************************
SECTION USE IN OBJECT-ALLOCATION SECTION
---------------------------------------------------------------------------------------------
SECTION: ".text"
  _PUSH_ARGS_L _ENTER_UNARY_L _ENTER_BINARY_L _ENTER_BINARY_L_RC 
  _LADD_k_is_k_plus_j _LSUB_k_is_k_minus_j _LAND_k_is_k_and_j _LOR_k_is_k_or_j 
  _LCMP_k_rel_j _IMUL_STAR08 _ILSR _ILSL _LINC _LDEC _LADD _LADD_RC _LSUB 
  _LSUB_RC _LAND_RC _LOR _LOR_RC _LLSR _LLSL _LCMP _LCMP_RC _COPY _POP32 
  _SEXT16_32 _Jump_Table_Addr _Jump_Table_Offset _Jump_Table_Header_Addr 
  _Jump_Table_Header_Offset _Search_Table_8_Addr _PUSH_CC _POP_CC SCI_Init 
  SCI_Close SCI_save_and_disable_interrupt_settings 
  SCI_restore_interrupt_settings SCI_Transmit SCI_SendBuffer 
  SCI_get_pending_chars_during_an_interrupt SCI_ReceiveISR SCI_OverrunISR 
  SCI_GetOverflowStatus SCI_CharReady SCI_GetChar get_mem_header 
  debug_command_send_return serial_command_send_return debug_command_exec 
  serial_command_exec serial_send_data_if_pending Mcu_Init MCG_Init bdm_vsw_en 
  bdm_vtrg_en tPower_Good CheckTargetPower Endpoint_Init EndPoint_IN 
  EndPoint_OUT wait_ms main Dummy_ISR getbuf4 getbuf2little VPP_ISR 
  Initialize_USBModule Check_USBBus_Status USB_Suspend USB_WakeFrom_Suspend 
  USB_Remote_Wakeup USB_SOF_Handler USB_Stall_Handler USB_Error_Handler 
  USB_Bus_Reset_Handler USB_Buf_Rdy Clear_Mem USB_ISR IRQ_ISR USB_WakeUp 
  USB_Transaction_Handler USB_CtrlTrf_Out_Handler USB_CtrlTrf_RxData 
  USB_CtrlTrf_In_Handler USB_CtrlTrf_TxData USB_CtrlTrf_SetupStage_Processing 
  USB_CtrlEP_SetupStage_Complete USB_Prepare_Next_Trf USB_StdReq_Handler 
  USB_StdGetDsc_Handler USB_StdSetCfg_Handler USB_StdGetStatus_Handler 
  USB_StdFeatureReq_Handler jtag_startup t_assert_ta t_write_ad t_read_ad 
  t_halt t_go t_step t_read_mem t_write_mem t_fill_mem t_write_creg t_read_creg 
  t_reset t_init t_debug_init t_serial_init t_stat t_get_ver t_unsecure 
  t_flash_power t_get_clock t_flash_prog t_write_dreg t_read_dreg t_set_clock 
  xchng16 clear_reset set_reset read_data_byte read_data_word read_data_long 
  write_data_byte write_data_word write_data_long 
  remove_ACK_bits_from_35_exchange write_jtag_IR_register 
  write_jtag_DR_register write_AP_register read_AP_register t_special_feature 
  t_config read_board_id read_osbdm_id 
SECTION: ".data"
  OSSerialNum Str_Des Cfg_Des 
SECTION: ".bss"
  sci_rx_sptr sci_rx_eptr sci_virtual_serial_port_is_enabled delay_count.1 
  osbdm_jtag_boardid output_buffer_enable_value 
  tms_only_transaction_compression_array_tmsval 
  tms_only_transaction_compression_array_bitsval 
  tms_tdi_transaction_compression_array_tmsval 
  tms_tdi_transaction_compression_array_tdival 
  tms_tdi_transaction_compression_array_bitsval board_id osbdm_id 
SECTION: ".init"
  loadByte Init _Startup 
SECTION: ".rodata"
  Device_Dsc_No_Serial_Number Device_Dsc_With_Serial_Number Cfg_01 sd000 sd001 
  sd002 sd003 TARGET_TYPE FIRMWARE_TYPE adc_conv 
SECTION: "Bootloader_ROM"
  _Entry bootloader_dly_20us ICP_USB_TX_Service ICP_USB_End_Service 
  ICP_Setup_Handler ICP_USB_Wait ICP_In_Handler ICP_Out_Handler Init_USB 
  Bootloader_Main Flash_Program Flash_Verification Flash_Erase FLASHPGM_Copy 
  ICP_DeviceDesc ICP_ConfigDesc ICP_StringDesc FLASHPGM_ROM 
SECTION: ".common"
  sci_rx_buf sci_rx_overflow_occured sci_remember_SCI1C2_REI temp_sci_stat 
  temp_sci_data tCable_Status uCmd uType uAddr uWidth uLen debug_cmd_pending 
  serial_cmd_pending FP_Stat VPP_Stat EP1_Buffer EP2_Buffer EP3_Buffer 
  EP4_Buffer Usb_Device_State Usb_Stat Usb_Active_Cfg Usb_Alt_Intf FLASHPGM 
  Ctrl_Trf_State Ctrl_Trf_Session_Owner pSrc pObj Transfer_Cnt 
SECTION: ".abs_section_18a0"
  EP1_BDT_Buffer 
SECTION: ".abs_section_18e0"
  EP2_BDT_Buffer 
SECTION: ".abs_section_1920"
  EP3_BDT_Buffer 
SECTION: ".abs_section_1940"
  EP4_BDT_Buffer 
SECTION: ".abs_section_ffbf"
  NVOPT_INIT 
SECTION: ".abs_section_ffbd"
  NVPROT_INIT 
SECTION: ".abs_section_fabc"
  _UserEntry 
SECTION: ".abs_section_fbc4"
  _Usr_Vector 
SECTION: ".abs_section_0"
  _PTAD 
SECTION: ".abs_section_1"
  _PTADD 
SECTION: ".abs_section_2"
  _PTBD 
SECTION: ".abs_section_3"
  _PTBDD 
SECTION: ".abs_section_4"
  _PTCD 
SECTION: ".abs_section_5"
  _PTCDD 
SECTION: ".abs_section_6"
  _PTDD 
SECTION: ".abs_section_7"
  _PTDDD 
SECTION: ".abs_section_8"
  _PTED 
SECTION: ".abs_section_9"
  _PTEDD 
SECTION: ".abs_section_a"
  _PTFD 
SECTION: ".abs_section_b"
  _PTFDD 
SECTION: ".abs_section_c"
  _PTGD 
SECTION: ".abs_section_d"
  _PTGDD 
SECTION: ".abs_section_e"
  _ACMPSC 
SECTION: ".abs_section_10"
  _ADCSC1 
SECTION: ".abs_section_11"
  _ADCSC2 
SECTION: ".abs_section_16"
  _ADCCFG 
SECTION: ".abs_section_17"
  _APCTL1 
SECTION: ".abs_section_18"
  _APCTL2 
SECTION: ".abs_section_1b"
  _IRQSC 
SECTION: ".abs_section_1c"
  _KBISC 
SECTION: ".abs_section_1d"
  _KBIPE 
SECTION: ".abs_section_1e"
  _KBIES 
SECTION: ".abs_section_20"
  _TPM1SC 
SECTION: ".abs_section_25"
  _TPM1C0SC 
SECTION: ".abs_section_28"
  _TPM1C1SC 
SECTION: ".abs_section_2b"
  _TPM1C2SC 
SECTION: ".abs_section_2e"
  _TPM1C3SC 
SECTION: ".abs_section_31"
  _TPM1C4SC 
SECTION: ".abs_section_34"
  _TPM1C5SC 
SECTION: ".abs_section_3a"
  _SCI1C1 
SECTION: ".abs_section_3b"
  _SCI1C2 
SECTION: ".abs_section_3c"
  _SCI1S1 
SECTION: ".abs_section_3d"
  _SCI1S2 
SECTION: ".abs_section_3e"
  _SCI1C3 
SECTION: ".abs_section_3f"
  _SCI1D 
SECTION: ".abs_section_42"
  _SCI2C1 
SECTION: ".abs_section_43"
  _SCI2C2 
SECTION: ".abs_section_44"
  _SCI2S1 
SECTION: ".abs_section_45"
  _SCI2S2 
SECTION: ".abs_section_46"
  _SCI2C3 
SECTION: ".abs_section_47"
  _SCI2D 
SECTION: ".abs_section_48"
  _MCGC1 
SECTION: ".abs_section_49"
  _MCGC2 
SECTION: ".abs_section_4a"
  _MCGTRM 
SECTION: ".abs_section_4b"
  _MCGSC 
SECTION: ".abs_section_4c"
  _MCGC3 
SECTION: ".abs_section_50"
  _SPI1C1 
SECTION: ".abs_section_51"
  _SPI1C2 
SECTION: ".abs_section_52"
  _SPI1BR 
SECTION: ".abs_section_53"
  _SPI1S 
SECTION: ".abs_section_58"
  _IICA 
SECTION: ".abs_section_59"
  _IICF 
SECTION: ".abs_section_5a"
  _IICC1 
SECTION: ".abs_section_5b"
  _IICS 
SECTION: ".abs_section_5c"
  _IICD 
SECTION: ".abs_section_5d"
  _IICC2 
SECTION: ".abs_section_60"
  _TPM2SC 
SECTION: ".abs_section_65"
  _TPM2C0SC 
SECTION: ".abs_section_68"
  _TPM2C1SC 
SECTION: ".abs_section_6c"
  _RTCSC 
SECTION: ".abs_section_6d"
  _RTCCNT 
SECTION: ".abs_section_6e"
  _RTCMOD 
SECTION: ".abs_section_70"
  _SPI2C1 
SECTION: ".abs_section_71"
  _SPI2C2 
SECTION: ".abs_section_72"
  _SPI2BR 
SECTION: ".abs_section_73"
  _SPI2S 
SECTION: ".abs_section_80"
  _USBCTL0 
SECTION: ".abs_section_88"
  _PERID 
SECTION: ".abs_section_89"
  _IDCOMP 
SECTION: ".abs_section_8a"
  _REV 
SECTION: ".abs_section_90"
  _INTSTAT 
SECTION: ".abs_section_91"
  _INTENB 
SECTION: ".abs_section_92"
  _ERRSTAT 
SECTION: ".abs_section_93"
  _ERRENB 
SECTION: ".abs_section_94"
  _STAT 
SECTION: ".abs_section_95"
  _CTL 
SECTION: ".abs_section_96"
  _ADDR 
SECTION: ".abs_section_97"
  _FRMNUML 
SECTION: ".abs_section_98"
  _FRMNUMH 
SECTION: ".abs_section_9d"
  _EPCTL0 
SECTION: ".abs_section_9e"
  _EPCTL1 
SECTION: ".abs_section_9f"
  _EPCTL2 
SECTION: ".abs_section_a0"
  _EPCTL3 
SECTION: ".abs_section_a1"
  _EPCTL4 
SECTION: ".abs_section_a2"
  _EPCTL5 
SECTION: ".abs_section_a3"
  _EPCTL6 
SECTION: ".abs_section_1800"
  _SRS 
SECTION: ".abs_section_1801"
  _SBDFR 
SECTION: ".abs_section_1802"
  _SOPT1 
SECTION: ".abs_section_1803"
  _SOPT2 
SECTION: ".abs_section_1809"
  _SPMSC1 
SECTION: ".abs_section_180a"
  _SPMSC2 
SECTION: ".abs_section_1816"
  _DBGC 
SECTION: ".abs_section_1817"
  _DBGT 
SECTION: ".abs_section_1818"
  _DBGS 
SECTION: ".abs_section_1820"
  _FCDIV 
SECTION: ".abs_section_1821"
  _FOPT 
SECTION: ".abs_section_1823"
  _FCNFG 
SECTION: ".abs_section_1824"
  _FPROT 
SECTION: ".abs_section_1825"
  _FSTAT 
SECTION: ".abs_section_1826"
  _FCMD 
SECTION: ".abs_section_1840"
  _PTAPE 
SECTION: ".abs_section_1841"
  _PTASE 
SECTION: ".abs_section_1842"
  _PTADS 
SECTION: ".abs_section_1844"
  _PTBPE 
SECTION: ".abs_section_1845"
  _PTBSE 
SECTION: ".abs_section_1846"
  _PTBDS 
SECTION: ".abs_section_1848"
  _PTCPE 
SECTION: ".abs_section_1849"
  _PTCSE 
SECTION: ".abs_section_184a"
  _PTCDS 
SECTION: ".abs_section_184c"
  _PTDPE 
SECTION: ".abs_section_184d"
  _PTDSE 
SECTION: ".abs_section_184e"
  _PTDDS 
SECTION: ".abs_section_1850"
  _PTEPE 
SECTION: ".abs_section_1851"
  _PTESE 
SECTION: ".abs_section_1852"
  _PTEDS 
SECTION: ".abs_section_1854"
  _PTFPE 
SECTION: ".abs_section_1855"
  _PTFSE 
SECTION: ".abs_section_1856"
  _PTFDS 
SECTION: ".abs_section_1858"
  _PTGPE 
SECTION: ".abs_section_1859"
  _PTGSE 
SECTION: ".abs_section_185a"
  _PTGDS 
SECTION: ".abs_section_12"
  _ADCR 
SECTION: ".abs_section_14"
  _ADCCV 
SECTION: ".abs_section_21"
  _TPM1CNT 
SECTION: ".abs_section_23"
  _TPM1MOD 
SECTION: ".abs_section_26"
  _TPM1C0V 
SECTION: ".abs_section_29"
  _TPM1C1V 
SECTION: ".abs_section_2c"
  _TPM1C2V 
SECTION: ".abs_section_2f"
  _TPM1C3V 
SECTION: ".abs_section_32"
  _TPM1C4V 
SECTION: ".abs_section_35"
  _TPM1C5V 
SECTION: ".abs_section_38"
  _SCI1BD 
SECTION: ".abs_section_40"
  _SCI2BD 
SECTION: ".abs_section_54"
  _SPI1D16 
SECTION: ".abs_section_56"
  _SPI1M 
SECTION: ".abs_section_61"
  _TPM2CNT 
SECTION: ".abs_section_63"
  _TPM2MOD 
SECTION: ".abs_section_66"
  _TPM2C0V 
SECTION: ".abs_section_69"
  _TPM2C1V 
SECTION: ".abs_section_74"
  _SPI2D16 
SECTION: ".abs_section_76"
  _SPI2M 
SECTION: ".abs_section_1806"
  _SDID 
SECTION: ".abs_section_1810"
  _DBGCA 
SECTION: ".abs_section_1812"
  _DBGCB 
SECTION: ".abs_section_1814"
  _DBGF 
SECTION: ".abs_section_fffa"
  _Serial3 
SECTION: ".abs_section_fffb"
  _Serial2 
SECTION: ".abs_section_fffc"
  _Serial1 
SECTION: ".abs_section_fffd"
  _Serial0 
SECTION: ".abs_section_1860"
  ICP_BDT Bdtmap 
SECTION: ".abs_section_1880"
  ICP_IN_Data CtrlTrf_Data 
SECTION: ".abs_section_1890"
  ICP_Setup Setup_Pkt 
SECTION: ".abs_section_b0"
  _ICP_VAR 
SECTION: ".abs_section_b1"
  ICP_USB_State 
SECTION: ".abs_section_b2"
  pDataIN 
SECTION: ".abs_section_b4"
  pDataBuf 
SECTION: ".abs_section_b6"
  DataIN_Cnt 
SECTION: ".abs_section_b7"
  vICPStatus 
SECTION: ".abs_section_b8"
  vStartAddr 
SECTION: ".abs_section_ba"
  vByteNumber 
SECTION: ".abs_section_bb"
  check_sum 

*********************************************************************************************
OBJECT LIST SORTED BY ADDRESS
     Name                                      Addr   hSize   dSize     Ref    Section   RLIB
---------------------------------------------------------------------------------------------
     _PTAD                                        0       1       1       0   .abs_section_0
     _PTADD                                       1       1       1       0   .abs_section_1
     _PTBD                                        2       1       1      13   .abs_section_2
     _PTBDD                                       3       1       1       5   .abs_section_3
     _PTCD                                        4       1       1       6   .abs_section_4
     _PTCDD                                       5       1       1       5   .abs_section_5
     _PTDD                                        6       1       1       5   .abs_section_6
     _PTDDD                                       7       1       1       1   .abs_section_7
     _PTED                                        8       1       1      26   .abs_section_8
     _PTEDD                                       9       1       1       3   .abs_section_9
     _PTFD                                        A       1       1       1   .abs_section_a
     _PTFDD                                       B       1       1       1   .abs_section_b
     _PTGD                                        C       1       1       3   .abs_section_c
     _PTGDD                                       D       1       1       2   .abs_section_d
     _ACMPSC                                      E       1       1       0   .abs_section_e
     _ADCSC1                                     10       1       1       8   .abs_section_10
     _ADCSC2                                     11       1       1       1   .abs_section_11
     _ADCR                                       12       2       2       3   .abs_section_12
     _ADCCV                                      14       2       2       0   .abs_section_14
     _ADCCFG                                     16       1       1       2   .abs_section_16
     _APCTL1                                     17       1       1       1   .abs_section_17
     _APCTL2                                     18       1       1       1   .abs_section_18
     _IRQSC                                      1B       1       1       2   .abs_section_1b
     _KBISC                                      1C       1       1       0   .abs_section_1c
     _KBIPE                                      1D       1       1       0   .abs_section_1d
     _KBIES                                      1E       1       1       0   .abs_section_1e
     _TPM1SC                                     20       1       1       1   .abs_section_20
     _TPM1CNT                                    21       2       2       0   .abs_section_21
     _TPM1MOD                                    23       2       2       0   .abs_section_23
     _TPM1C0SC                                   25       1       1       1   .abs_section_25
     _TPM1C0V                                    26       2       2       0   .abs_section_26
     _TPM1C1SC                                   28       1       1       2   .abs_section_28
     _TPM1C1V                                    29       2       2       0   .abs_section_29
     _TPM1C2SC                                   2B       1       1       2   .abs_section_2b
     _TPM1C2V                                    2C       2       2       0   .abs_section_2c
     _TPM1C3SC                                   2E       1       1       2   .abs_section_2e
     _TPM1C3V                                    2F       2       2       0   .abs_section_2f
     _TPM1C4SC                                   31       1       1       0   .abs_section_31
     _TPM1C4V                                    32       2       2       0   .abs_section_32
     _TPM1C5SC                                   34       1       1       0   .abs_section_34
     _TPM1C5V                                    35       2       2       0   .abs_section_35
     _SCI1BD                                     38       2       2       1   .abs_section_38
     _SCI1C1                                     3A       1       1       1   .abs_section_3a
     _SCI1C2                                     3B       1       1       7   .abs_section_3b
     _SCI1S1                                     3C       1       1       4   .abs_section_3c
     _SCI1S2                                     3D       1       1       0   .abs_section_3d
     _SCI1C3                                     3E       1       1       1   .abs_section_3e
     _SCI1D                                      3F       1       1       3   .abs_section_3f
     _SCI2BD                                     40       2       2       0   .abs_section_40
     _SCI2C1                                     42       1       1       0   .abs_section_42
     _SCI2C2                                     43       1       1       0   .abs_section_43
     _SCI2S1                                     44       1       1       0   .abs_section_44
     _SCI2S2                                     45       1       1       0   .abs_section_45
     _SCI2C3                                     46       1       1       0   .abs_section_46
     _SCI2D                                      47       1       1       0   .abs_section_47
     _MCGC1                                      48       1       1       4   .abs_section_48
     _MCGC2                                      49       1       1       2   .abs_section_49
     _MCGTRM                                     4A       1       1       0   .abs_section_4a
     _MCGSC                                      4B       1       1       6   .abs_section_4b
     _MCGC3                                      4C       1       1       2   .abs_section_4c
     _SPI1C1                                     50       1       1       1   .abs_section_50
     _SPI1C2                                     51       1       1       1   .abs_section_51
     _SPI1BR                                     52       1       1       1   .abs_section_52
     _SPI1S                                      53       1       1       0   .abs_section_53
     _SPI1D16                                    54       2       2       0   .abs_section_54
     _SPI1M                                      56       2       2       0   .abs_section_56
     _IICA                                       58       1       1       0   .abs_section_58
     _IICF                                       59       1       1       0   .abs_section_59
     _IICC1                                      5A       1       1       0   .abs_section_5a
     _IICS                                       5B       1       1       0   .abs_section_5b
     _IICD                                       5C       1       1       0   .abs_section_5c
     _IICC2                                      5D       1       1       0   .abs_section_5d
     _TPM2SC                                     60       1       1       2   .abs_section_60
     _TPM2CNT                                    61       2       2       0   .abs_section_61
     _TPM2MOD                                    63       2       2       0   .abs_section_63
     _TPM2C0SC                                   65       1       1       1   .abs_section_65
     _TPM2C0V                                    66       2       2       0   .abs_section_66
     _TPM2C1SC                                   68       1       1       1   .abs_section_68
     _TPM2C1V                                    69       2       2       0   .abs_section_69
     _RTCSC                                      6C       1       1       0   .abs_section_6c
     _RTCCNT                                     6D       1       1       0   .abs_section_6d
     _RTCMOD                                     6E       1       1       0   .abs_section_6e
     _SPI2C1                                     70       1       1       0   .abs_section_70
     _SPI2C2                                     71       1       1       0   .abs_section_71
     _SPI2BR                                     72       1       1       0   .abs_section_72
     _SPI2S                                      73       1       1       0   .abs_section_73
     _SPI2D16                                    74       2       2       0   .abs_section_74
     _SPI2M                                      76       2       2       0   .abs_section_76
     _USBCTL0                                    80       1       1      13   .abs_section_80
     _PERID                                      88       1       1       0   .abs_section_88
     _IDCOMP                                     89       1       1       0   .abs_section_89
     _REV                                        8A       1       1       0   .abs_section_8a
     _INTSTAT                                    90       1       1      24   .abs_section_90
     _INTENB                                     91       1       1      13   .abs_section_91
     _ERRSTAT                                    92       1       1       4   .abs_section_92
     _ERRENB                                     93       1       1       2   .abs_section_93
     _STAT                                       94       1       1       4   .abs_section_94
     _CTL                                        95       1       1      11   .abs_section_95
     _ADDR                                       96       1       1       5   .abs_section_96
     _FRMNUML                                    97       1       1       0   .abs_section_97
     _FRMNUMH                                    98       1       1       0   .abs_section_98
     _EPCTL0                                     9D       1       1       7   .abs_section_9d
     _EPCTL1                                     9E       1       1       3   .abs_section_9e
     _EPCTL2                                     9F       1       1       1   .abs_section_9f
     _EPCTL3                                     A0       1       1       1   .abs_section_a0
[...]
 |  |       
 |  +- Initialize_USBModule
 |  |    
 |  +- Check_USBBus_Status 
 |  |  | 
 |  |  +- USB_Suspend         
 |  |     | 
 |  |     +- USB_WakeUp          
 |  |     |    
 |  |     +- USB_Remote_Wakeup   
 |  |        | 
 |  |        +- USB_WakeFrom_Suspend
 |  |             
 |  +- bdm_vsw_en          
 |  |  | 
 |  |  +- wait_ms              (see above)
 |  |     
 |  +- debug_command_exec  
 |  |  | 
 |  |  +- _Jump_Table_Addr    
 |  |  |    
 |  |  +- _Search_Table_8_Addr
 |  |  |    
 |  |  +- t_stat              
 |  |  |    
 |  |  +- t_get_ver           
 |  |  |    
 |  |  +- t_init              
 |  |  |  | 
 |  |  |  +- jtag_startup         (see above)
 |  |  |     
 |  |  +- t_reset             
 |  |  |  | 
 |  |  |  +- clear_reset         
 |  |  |  |    
 |  |  |  +- xchng16             
 |  |  |  |    
 |  |  |  +- write_jtag_IR_register
 |  |  |  |  | 
 |  |  |  |  +- xchng16              (see above)
 |  |  |  |     
 |  |  |  +- _LLSL               
 |  |  |  |  | 
 |  |  |  |  +- _ENTER_UNARY_L      
 |  |  |  |       
 |  |  |  +- _LOR_RC             
 |  |  |  |  | 
 |  |  |  |  +- _ENTER_BINARY_L_RC  
 |  |  |  |  |  | 
 |  |  |  |  |  +- _PUSH_ARGS_L        
 |  |  |  |  |       
 |  |  |  |  +- _LOR_k_is_k_or_j    
 |  |  |  |       
 |  |  |  +- _LAND_RC            
 |  |  |  |  | 
 |  |  |  |  +- _ENTER_BINARY_L_RC   (see above)
 |  |  |  |  |  
 |  |  |  |  +- _LAND_k_is_k_and_j  
 |  |  |  |       
 |  |  |  +- _LLSR               
 |  |  |  |  | 
 |  |  |  |  +- _ENTER_UNARY_L       (see above)
 |  |  |  |     
 |  |  |  +- write_jtag_DR_register
 |  |  |  |  | 
 |  |  |  |  +- xchng16              (see above)
 |  |  |  |  |  
 |  |  |  |  +- _ILSL               
 |  |  |  |  |    
 |  |  |  |  +- _ILSR               
 |  |  |  |       
 |  |  |  +- remove_ACK_bits_from_35_exchange
 |  |  |  |  | 
 |  |  |  |  +- _LLSR                (see above)
 |  |  |  |  |  
 |  |  |  |  +- _POP32              
 |  |  |  |  |    
 |  |  |  |  +- _LLSL                (see above)
 |  |  |  |  |  
 |  |  |  |  +- _LOR                
 |  |  |  |  |  | 
 |  |  |  |  |  +- _ENTER_BINARY_L     
 |  |  |  |  |  |  | 
 |  |  |  |  |  |  +- _PUSH_ARGS_L         (see above)
 |  |  |  |  |  |     
 |  |  |  |  |  +- _LOR_k_is_k_or_j     (see above)
 |  |  |  |  |     
 |  |  |  |  +- _COPY               
 |  |  |  |       
 |  |  |  +- set_reset           
 |  |  |  |    
 |  |  |  +- write_AP_register   
 |  |  |  |  | 
 |  |  |  |  +- _LOR                 (see above)
 |  |  |  |  |  
 |  |  |  |  +- _POP32               (see above)
 |  |  |  |  |  
 |  |  |  |  +- write_jtag_IR_register (see above)
 |  |  |  |  |  
 |  |  |  |  +- _LLSL                (see above)
 |  |  |  |  |  
 |  |  |  |  +- _LOR_RC              (see above)
 |  |  |  |  |  
 |  |  |  |  +- _LAND_RC             (see above)
 |  |  |  |  |  
 |  |  |  |  +- _LLSR                (see above)
 |  |  |  |  |  
 |  |  |  |  +- write_jtag_DR_register (see above)
 |  |  |  |     
 |  |  |  +- t_write_ad          
 |  |  |  |  | 
 |  |  |  |  +- _LOR                 (see above)
 |  |  |  |  |  
 |  |  |  |  +- _LLSL                (see above)
 |  |  |  |  |  
 |  |  |  |  +- _POP32               (see above)
 |  |  |  |  |  
 |  |  |  |  +- write_AP_register    (see above)
 |  |  |  |  |  
 |  |  |  |  +- _LCMP_RC            
 |  |  |  |  |  | 
 |  |  |  |  |  +- _ENTER_BINARY_L_RC   (see above)
 |  |  |  |  |  |  
 |  |  |  |  |  +- _LCMP_k_rel_j       
 |  |  |  |  |       
 |  |  |  |  +- read_data_long      
 |  |  |  |  |  | 
 |  |  |  |  |  +- read_AP_register    
 |  |  |  |  |  |  | 
 |  |  |  |  |  |  +- write_jtag_IR_register (see above)
 |  |  |  |  |  |  |  
 |  |  |  |  |  |  +- _LLSL                (see above)
 |  |  |  |  |  |  |  
 |  |  |  |  |  |  +- _LOR                 (see above)
 |  |  |  |  |  |  |  
 |  |  |  |  |  |  +- _POP32               (see above)
 |  |  |  |  |  |  |  
 |  |  |  |  |  |  +- _LOR_RC              (see above)
 |  |  |  |  |  |  |  
 |  |  |  |  |  |  +- _LAND_RC             (see above)
 |  |  |  |  |  |  |  
 |  |  |  |  |  |  +- _LLSR                (see above)
 |  |  |  |  |  |  |  
 |  |  |  |  |  |  +- write_jtag_DR_register (see above)
 |  |  |  |  |  |  |  
 |  |  |  |  |  |  +- remove_ACK_bits_from_35_exchange (see above)
 |  |  |  |  |  |  |  
 |  |  |  |  |  |  +- _COPY                (see above)
 |  |  |  |  |  |     
 |  |  |  |  |  +- _LAND_RC             (see above)
 |  |  |  |  |  |  
 |  |  |  |  |  +- _LOR_RC              (see above)
 |  |  |  |  |  |  
 |  |  |  |  |  +- write_AP_register    (see above)
 |  |  |  |  |  |  
 |  |  |  |  |  +- write_jtag_IR_register (see above)
 |  |  |  |  |  |  
 |  |  |  |  |  +- _LLSL                (see above)
 |  |  |  |  |  |  
 |  |  |  |  |  +- _LLSR                (see above)
 |  |  |  |  |  |  
 |  |  |  |  |  +- write_jtag_DR_register (see above)
 |  |  |  |  |  |  
 |  |  |  |  |  +- _COPY                (see above)
 |  |  |  |  |     
 |  |  |  |  +- _LAND_RC             (see above)
 |  |  |  |  |  
 |  |  |  |  +- write_data_long     
 |  |  |  |  |  | 
 |  |  |  |  |  +- read_AP_register     (see above)
 |  |  |  |  |  |  
 |  |  |  |  |  +- _LAND_RC             (see above)
 |  |  |  |  |  |  
 |  |  |  |  |  +- _LOR_RC              (see above)
 |  |  |  |  |  |  
 |  |  |  |  |  +- write_AP_register    (see above)
 |  |  |  |  |  |  
 |  |  |  |  |  +- write_jtag_IR_register (see above)
 |  |  |  |  |  |  
 |  |  |  |  |  +- _LLSL                (see above)
 |  |  |  |  |  |  
 |  |  |  |  |  +- _LLSR                (see above)
 |  |  |  |  |  |  
 |  |  |  |  |  +- write_jtag_DR_register (see above)
 |  |  |  |  |     
 |  |  |  |  +- _LOR_RC              (see above)
 |  |  |  |     
 |  |  |  +- write_data_long      (see above)
 |  |  |     
 |  |  +- getbuf2little       
 |  |  |    
 |  |  +- t_assert_ta         
 |  |  |    
 |  |  +- t_go                
 |  |  |  | 
 |  |  |  +- write_data_long      (see above)
 |  |  |     
 |  |  +- t_step              
 |  |  |  | 
 |  |  |  +- read_data_long       (see above)
 |  |  |  |  
 |  |  |  +- _LOR_RC              (see above)
 |  |  |  |  
 |  |  |  +- write_data_long      (see above)
 |  |  |  |  
 |  |  |  +- _LAND_RC             (see above)
 |  |  |  |  
 |  |  |  +- _LCMP_RC             (see above)
 |  |  |  |  
 |  |  |  +- _LINC               
 |  |  |  |  | 
 |  |  |  |  +- _ENTER_UNARY_L       (see above)
 |  |  |  |     
 |  |  |  +- _POP32               (see above)
 |  |  |     
 |  |  +- t_halt              
 |  |  |  | 
 |  |  |  +- write_data_long      (see above)
 |  |  |  |  
 |  |  |  +- read_data_long       (see above)
 |  |  |  |  
 |  |  |  +- _LAND_RC             (see above)
 |  |  |  |  
 |  |  |  +- _LCMP_RC             (see above)
 |  |  |  |  
 |  |  |  +- _LINC                (see above)
 |  |  |  |  
 |  |  |  +- _POP32               (see above)
 |  |  |     
 |  |  +- getbuf4             
 |  |  |  | 
 |  |  |  +- _LLSL                (see above)
 |  |  |  |  
 |  |  |  +- _POP32               (see above)
 |  |  |  |  
 |  |  |  +- _LADD               
 |  |  |  |  | 
 |  |  |  |  +- _ENTER_BINARY_L      (see above)
 |  |  |  |  |  
 |  |  |  |  +- _LADD_k_is_k_plus_j 
 |  |  |  |       
 |  |  |  +- _COPY                (see above)
 |  |  |     
 |  |  +- t_config            
 |  |  |    
 |  |  +- t_set_clock         
 |  |  |    
 |  |  +- t_get_clock         
 |  |  |    
 |  |  +- t_special_feature   
 |  |  |  | 
 |  |  |  +- _Jump_Table_Addr     (see above)
 |  |  |  |  
 |  |  |  +- _Search_Table_8_Addr (see above)
 |  |  |  |  
 |  |  |  +- xchng16              (see above)
 |  |  |  |  
 |  |  |  +- _IMUL_STAR08        
 |  |  |       
 |  |  +- get_mem_header      
 |  |  |  | 
 |  |  |  +- getbuf4              (see above)
 |  |  |     
 |  |  +- _LCMP               
 |  |  |  | 
 |  |  |  +- _ENTER_BINARY_L      (see above)
 |  |  |  |  
 |  |  |  +- _LCMP_k_rel_j        (see above)
 |  |  |     
 |  |  +- _Jump_Table_Offset  
 |  |  |    
 |  |  +- t_write_mem         
 |  |  |  | 
 |  |  |  +- _Jump_Table_Header_Addr
 |  |  |  |    
 |  |  |  +- _LINC                (see above)
 |  |  |  |  
 |  |  |  +- _POP32               (see above)
 |  |  |  |  
 |  |  |  +- _LDEC               
 |  |  |  |  | 
 |  |  |  |  +- _ENTER_UNARY_L       (see above)
 |  |  |  |     
 |  |  |  +- write_data_byte     
 |  |  |  |  | 
 |  |  |  |  +- _LLSL                (see above)
 |  |  |  |  |  
 |  |  |  |  +- _LOR                 (see above)
 |  |  |  |  |  
 |  |  |  |  +- _POP32               (see above)
 |  |  |  |  |  
 |  |  |  |  +- read_AP_register     (see above)
 |  |  |  |  |  
 |  |  |  |  +- _LAND_RC             (see above)
 |  |  |  |  |  
 |  |  |  |  +- write_AP_register    (see above)
 |  |  |  |  |  
 |  |  |  |  +- write_jtag_IR_register (see above)
 |  |  |  |  |  
 |  |  |  |  +- _LOR_RC              (see above)
 |  |  |  |  |  
 |  |  |  |  +- _LLSR                (see above)
 |  |  |  |  |  
 |  |  |  |  +- write_jtag_DR_register (see above)
 |  |  |  |     
 |  |  |  +- _LADD                (see above)
 |  |  |  |  
 |  |  |  +- _LLSL                (see above)
 |  |  |  |  
 |  |  |  +- _LOR                 (see above)
 |  |  |  |  
 |  |  |  +- _LSUB_RC            
 |  |  |  |  | 
 |  |  |  |  +- _ENTER_BINARY_L_RC   (see above)
 |  |  |  |  |  
 |  |  |  |  +- _LSUB_k_is_k_minus_j
 |  |  |  |       
 |  |  |  +- write_data_word     
 |  |  |  |  | 
 |  |  |  |  +- _LLSL                (see above)
 |  |  |  |  |  
 |  |  |  |  +- _LOR                 (see above)
 |  |  |  |  |  
 |  |  |  |  +- _POP32               (see above)
 |  |  |  |  |  
 |  |  |  |  +- read_AP_register     (see above)
 |  |  |  |  |  
 |  |  |  |  +- _LAND_RC             (see above)
 |  |  |  |  |  
 |  |  |  |  +- _LOR_RC              (see above)
 |  |  |  |  |  
 |  |  |  |  +- write_AP_register    (see above)
 |  |  |  |  |  
 |  |  |  |  +- write_jtag_IR_register (see above)
 |  |  |  |  |  
 |  |  |  |  +- _LLSR                (see above)
 |  |  |  |  |  
 |  |  |  |  +- write_jtag_DR_register (see above)
 |  |  |  |     
 |  |  |  +- write_data_long      (see above)
 |  |  |  |  
 |  |  |  +- _SEXT16_32          
 |  |  |  |    
 |  |  |  +- _LCMP                (see above)
 |  |  |     
 |  |  +- _LADD                (see above)
 |  |  |  
 |  |  +- _POP32               (see above)
 |  |  |  
 |  |  +- t_write_ad           (see above)
 |  |  |  
 |  |  +- t_write_creg        
 |  |  |    
 |  |  +- t_write_dreg        
 |  |  |    
 |  |  +- t_fill_mem          
 |  |  |  | 
 |  |  |  +- _Jump_Table_Header_Addr (see above)
 |  |  |  |  
 |  |  |  +- _LLSL                (see above)
 |  |  |  |  
 |  |  |  +- _POP32               (see above)
 |  |  |  |  
 |  |  |  +- _LOR                 (see above)
 |  |  |  |  
 |  |  |  +- _LINC                (see above)
 |  |  |  |  
 |  |  |  +- _LDEC                (see above)
 |  |  |  |  
 |  |  |  +- write_data_byte      (see above)
 |  |  |  |  
 |  |  |  +- _LADD                (see above)
 |  |  |  |  
 |  |  |  +- _LSUB_RC             (see above)
 |  |  |  |  
 |  |  |  +- write_data_word      (see above)
 |  |  |  |  
 |  |  |  +- _LADD_RC            
 |  |  |  |  | 
 |  |  |  |  +- _ENTER_BINARY_L_RC   (see above)
 |  |  |  |  |  
 |  |  |  |  +- _LADD_k_is_k_plus_j  (see above)
 |  |  |  |     
 |  |  |  +- write_data_long      (see above)
 |  |  |  |  
 |  |  |  +- _SEXT16_32           (see above)
 |  |  |  |  
 |  |  |  +- _LCMP                (see above)
 |  |  |     
 |  |  +- t_flash_power       
 |  |  |    
 |  |  +- t_flash_prog        
 |  |  |    
 |  |  +- t_read_mem          
 |  |  |  | 
 |  |  |  +- _Jump_Table_Header_Addr (see above)
 |  |  |  |  
 |  |  |  +- read_data_byte      
 |  |  |  |  | 
 |  |  |  |  +- read_AP_register     (see above)
 |  |  |  |  |  
 |  |  |  |  +- _LAND_RC             (see above)
 |  |  |  |  |  
 |  |  |  |  +- write_AP_register    (see above)
 |  |  |  |  |  
 |  |  |  |  +- _LSUB               
 |  |  |  |  |  | 
 |  |  |  |  |  +- _ENTER_BINARY_L      (see above)
 |  |  |  |  |  |  
 |  |  |  |  |  +- _LSUB_k_is_k_minus_j (see above)
 |  |  |  |  |     
 |  |  |  |  +- _POP32               (see above)
 |  |  |  |  |  
 |  |  |  |  +- _LCMP_RC             (see above)
 |  |  |  |  |  
 |  |  |  |  +- _PUSH_CC            
 |  |  |  |  |    
 |  |  |  |  +- _POP_CC             
 |  |  |  |  |    
 |  |  |  |  +- _LLSR                (see above)
 |  |  |  |  |  
 |  |  |  |  +- write_jtag_IR_register (see above)
 |  |  |  |  |  
 |  |  |  |  +- _LLSL                (see above)
 |  |  |  |  |  
 |  |  |  |  +- _LOR_RC              (see above)
 |  |  |  |  |  
 |  |  |  |  +- write_jtag_DR_register (see above)
 |  |  |  |     
 |  |  |  +- _LADD                (see above)
 |  |  |  |  
 |  |  |  +- _POP32               (see above)
 |  |  |  |  
 |  |  |  +- _LINC                (see above)
 |  |  |  |  
 |  |  |  +- read_data_word      
 |  |  |  |  | 
 |  |  |  |  +- read_AP_register     (see above)
 |  |  |  |  |  
 |  |  |  |  +- _LAND_RC             (see above)
 |  |  |  |  |  
 |  |  |  |  +- _LOR_RC              (see above)
 |  |  |  |  |  
 |  |  |  |  +- write_AP_register    (see above)
 |  |  |  |  |  
 |  |  |  |  +- _LSUB                (see above)
 |  |  |  |  |  
 |  |  |  |  +- _POP32               (see above)
 |  |  |  |  |  
 |  |  |  |  +- _LCMP_RC             (see above)
 |  |  |  |  |  
 |  |  |  |  +- _PUSH_CC             (see above)
 |  |  |  |  |  
 |  |  |  |  +- _POP_CC              (see above)
 |  |  |  |  |  
 |  |  |  |  +- _LLSR                (see above)
 |  |  |  |     
 |  |  |  +- read_data_long       (see above)
 |  |  |  |  
 |  |  |  +- _LAND_RC             (see above)
 |  |  |  |  
 |  |  |  +- _LLSR                (see above)
 |  |  |  |  
 |  |  |  +- _SEXT16_32           (see above)
 |  |  |  |  
 |  |  |  +- _LCMP                (see above)
 |  |  |     
 |  |  +- t_read_ad           
 |  |  |  | 
 |  |  |  +- read_AP_register     (see above)
 |  |  |  |  
 |  |  |  +- _LAND_RC             (see above)
 |  |  |  |  
 |  |  |  +- _LLSR                (see above)
 |  |  |  |  
 |  |  |  +- _LCMP_RC             (see above)
 |  |  |  |  
 |  |  |  +- read_data_long       (see above)
 |  |  |  |  
 |  |  |  +- write_data_long      (see above)
 |  |  |     
 |  |  +- t_read_creg         
 |  |  |    
 |  |  +- t_read_dreg         
 |  |  |    
 |  |  +- t_unsecure          
 |  |  |    
 |  |  +- debug_command_send_return
 |  |     | 
 |  |     +- EndPoint_IN         
 |  |        | 
 |  |        +- _Jump_Table_Header_Offset
 |  |        |    
 |  |        +- USB_Buf_Rdy         
 |  |             
 |  +- serial_command_exec 
 |  |  | 
 |  |  +- _Jump_Table_Header_Offset (see above)
 |  |  |  
 |  |  +- serial_command_send_return
 |  |  |  | 
 |  |  |  +- EndPoint_IN          (see above)
 |  |  |     
 |  |  +- SCI_Close           
 |  |  |    
 |  |  +- SCI_SendBuffer      
 |  |  |  | 
 |  |  |  +- SCI_Transmit        
 |  |  |       
 |  |  +- SCI_Init            
 |  |  |    
 |  |  +- t_serial_init       
 |  |     | 
 |  |     +- t_init               (see above)
 |  |        
 |  +- serial_send_data_if_pending
 |  |  | 
 |  |  +- SCI_CharReady       
 |  |  |    
 |  |  +- SCI_GetChar         
 |  |  |  | 
 |  |  |  +- SCI_save_and_disable_interrupt_settings
 |  |  |  |    
 |  |  |  +- SCI_restore_interrupt_settings
 |  |  |       
 |  |  +- SCI_GetOverflowStatus
 |  |  |    
 |  |  +- serial_command_send_return (see above)
 |  |     
 |  +- CheckTargetPower    
 |     | 
 |     +- tPower_Good          (see above)
 |        
 +- _Startup            
    | 
    +- Init                
    |  | 
    |  +- loadByte            
    |       
    +- main                 (see above)
       
 _UserEntry          
 | 
 +- _Startup             (see above)
    
 _Usr_Vector         
 | 
 +- VPP_ISR             
 |    
 +- Dummy_ISR           
 |    
 +- SCI_ReceiveISR      
 |  | 
 |  +- SCI_get_pending_chars_during_an_interrupt
 |       
 +- SCI_OverrunISR      
 |    
 +- USB_ISR             
 |  | 
 |  +- SCI_get_pending_chars_during_an_interrupt (see above)
 |  |  
 |  +- USB_WakeFrom_Suspend (see above)
 |  |  
 |  +- USB_Bus_Reset_Handler
 |  |  | 
 |  |  +- Clear_Mem           
 |  |  |    
 |  |  +- USB_Prepare_Next_Trf
 |  |       
 |  +- USB_SOF_Handler     
 |  |    
 |  +- USB_Stall_Handler   
 |  |  | 
 |  |  +- USB_Prepare_Next_Trf (see above)
 |  |     
 |  +- USB_Error_Handler   
 |  |  | 
 |  |  +- USB_Prepare_Next_Trf (see above)
 |  |     
 |  +- USB_Transaction_Handler
 |     | 
 |     +- SCI_get_pending_chars_during_an_interrupt (see above)
 |     |  
 |     +- USB_CtrlTrf_SetupStage_Processing
 |     |  | 
 |     |  +- USB_StdReq_Handler  
 |     |  |  | 
 |     |  |  +- _Jump_Table_Header_Offset (see above)
 |     |  |  |  
 |     |  |  +- USB_StdGetDsc_Handler
 |     |  |  |  | 
 |     |  |  |  +- _Jump_Table_Header_Offset (see above)
 |     |  |  |     
 |     |  |  +- USB_StdSetCfg_Handler
 |     |  |  |  | 
 |     |  |  |  +- Clear_Mem            (see above)
 |     |  |  |  |  
 |     |  |  |  +- Endpoint_Init       
 |     |  |  |       
 |     |  |  +- USB_StdGetStatus_Handler
 |     |  |  |  | 
 |     |  |  |  +- _Jump_Table_Header_Offset (see above)
 |     |  |  |     
 |     |  |  +- USB_StdFeatureReq_Handler
 |     |  |     | 
 |     |  |     +- _Jump_Table_Header_Offset (see above)
 |     |  |        
 |     |  +- USB_CtrlEP_SetupStage_Complete
 |     |     | 
 |     |     +- USB_CtrlTrf_TxData  
 |     |          
 |     +- USB_CtrlTrf_Out_Handler
 |     |  | 
 |     |  +- USB_CtrlTrf_RxData  
 |     |  |    
 |     |  +- USB_Prepare_Next_Trf (see above)
 |     |     
 |     +- USB_CtrlTrf_In_Handler
 |     |  | 
 |     |  +- USB_CtrlTrf_TxData   (see above)
 |     |  |  
 |     |  +- USB_Prepare_Next_Trf (see above)
 |     |     
 |     +- EndPoint_OUT        
 |        | 
 |        +- SCI_get_pending_chars_during_an_interrupt (see above)
 |        |  
 |        +- _Jump_Table_Header_Offset (see above)
 |        |  
 |        +- USB_Buf_Rdy          (see above)
 |           
 +- IRQ_ISR             
      
 _Entry              
 | 
 +- bootloader_dly_20us 
 |    
 +* _UserEntry           (see above)
 |  
 +- Bootloader_Main     
    | 
    +- Init_USB            
    |    
    +- FLASHPGM_Copy       
    |    
    +- ICP_Setup_Handler   
    |  | 
    |  +- Flash_Erase         
    |  |    
    |  +- ICP_USB_End_Service 
    |     | 
    |     +- ICP_USB_TX_Service  
    |          
    +- ICP_Out_Handler     
    |  | 
    |  +- Flash_Program       
    |  |    
    |  +- Flash_Verification  
    |  |    
    |  +- ICP_USB_Wait        
    |       
    +- ICP_In_Handler      
       | 
       +- ICP_USB_TX_Service   (see above)
       |  
       +- ICP_USB_Wait         (see above)
          
*********************************************************************************************
STATISTIC SECTION
---------------------------------------------------------------------------------------------

ExeFile:
--------
Number of blocks to be downloaded: 10
Total size of all blocks to be downloaded: 15983

